<html>
<body>
<pre>
<h1>µVision Build Log</h1>
<h2>Tool Versions:</h2>
IDE-Version: µVision V5.42.0.0
Copyright (C) 2025 ARM Ltd and ARM Germany GmbH. All rights reserved.
License Information: Pedro Andrade, UNIFEI, LIC=----
 
Tool Versions:
Toolchain:       MDK-Lite  Version: 5.42.0.0
Toolchain Path:  C:\Users\__Arsthon_Allow\AppData\Local\Keil_v5\ARM\ARMCLANG\Bin
C Compiler:      ArmClang.exe V6.23
Assembler:       Armasm.exe V6.23
Linker/Locator:  ArmLink.exe V6.23
Library Manager: ArmAr.exe V6.23
Hex Converter:   FromElf.exe V6.23
CPU DLL:         SARMCM3.DLL V5.42.0.0
Dialog DLL:      DCM.DLL V1.17.5.0
Target DLL:      STLink\ST-LINKIII-KEIL_SWO.dll V3.3.0.0
Dialog DLL:      TCM.DLL V1.56.6.0
 
<h2>Project:</h2>
D:\Allfiles\Downloads\_Projeto_Final\CMSISrtxFirstProject.uvprojx
Project File Date:  06/15/2025

<h2>Output:</h2>
*** Using Compiler 'V6.23', folder: 'C:\Users\__Arsthon_Allow\AppData\Local\Keil_v5\ARM\ARMCLANG\Bin'
Rebuild target 'Target 1'
compiling RTX_Conf_CM.c...
assembling startup_stm32f10x_md.s...
compiling DataStructList.c...
compiling system_stm32f10x.c...
compiling GPIO_STM32F10x.c...
main.c(1): warning: non-portable path to file '"stm32f10x.h"'; specified path differs in case from file name on disk [-Wnonportable-include-path]
    1 | #include "STM32F10x.h"
      |          ^~~~~~~~~~~~~
      |          "stm32f10x.h"
main.c(2): warning: In file included from...
C:/Users/__Arsthon_Allow/AppData/Local/Arm/Packs/ARM/CMSIS/5.7.0/CMSIS/RTOS/RTX/INC\cmsis_os.h(73): warning: '__NO_RETURN' macro redefined [-Wmacro-redefined]
   73 | #define __NO_RETURN __attribute__((noreturn))
      |         ^
C:/Users/__Arsthon_Allow/AppData/Local/Arm/Packs/ARM/CMSIS/5.7.0/CMSIS/Core/Include\cmsis_armclang.h(50): note: previous definition is here
   50 |   #define __NO_RETURN                            __attribute__((__noreturn__))
      |           ^
main.c(345): warning: GCC does not allow variable declarations in for loop initializers before C99 [-Wgcc-compat]
  345 |                 for (int i = 0; i < 8; i++)
      |                      ^
main.c(525): warning: GCC does not allow variable declarations in for loop initializers before C99 [-Wgcc-compat]
  525 |                         for (int i = 0; i < 9; i++)
      |                              ^
main.c(635): warning: GCC does not allow variable declarations in for loop initializers before C99 [-Wgcc-compat]
  635 |                 for (int i = 0; i < 7; i++)
      |                      ^
main.c(852): warning: GCC does not allow variable declarations in for loop initializers before C99 [-Wgcc-compat]
  852 |     for (int i = 0; i < steps; ++i)
      |          ^
6 warnings generated.
compiling main.c...
lcd.c(2): warning: non-portable path to file '"stm32f10x.h"'; specified path differs in case from file name on disk [-Wnonportable-include-path]
    2 | #include "STM32F10x.h"
      |          ^~~~~~~~~~~~~
      |          "stm32f10x.h"
lcd.c(3): warning: In file included from...
C:/Users/__Arsthon_Allow/AppData/Local/Arm/Packs/ARM/CMSIS/5.7.0/CMSIS/RTOS/RTX/INC\cmsis_os.h(73): warning: '__NO_RETURN' macro redefined [-Wmacro-redefined]
   73 | #define __NO_RETURN __attribute__((noreturn))
      |         ^
C:/Users/__Arsthon_Allow/AppData/Local/Arm/Packs/ARM/CMSIS/5.7.0/CMSIS/Core/Include\cmsis_armclang.h(50): note: previous definition is here
   50 |   #define __NO_RETURN                            __attribute__((__noreturn__))
      |           ^
lcd.c(5): warning: In file included from...
.\lcd.h(1): warning: non-portable path to file '"stm32f10x.h"'; specified path differs in case from file name on disk [-Wnonportable-include-path]
    1 | #include "STM32F10x.h"
      |          ^~~~~~~~~~~~~
      |          "stm32f10x.h"
lcd.c(90): warning: GCC does not allow variable declarations in for loop initializers before C99 [-Wgcc-compat]
   90 |         for(uint16_t i = 0; i < t; i++)
      |             ^
lcd.c(100): warning: GCC does not allow variable declarations in for loop initializers before C99 [-Wgcc-compat]
  100 |         for(uint16_t i = 0; i < t; i++)
      |             ^
lcd.c(220): warning: GCC does not allow variable declarations in for loop initializers before C99 [-Wgcc-compat]
  220 |         for(uint16_t i = 0; i < t; i++)
      |             ^
lcd.c(390): warning: GCC does not allow variable declarations in for loop initializers before C99 [-Wgcc-compat]
  390 |     for(int i = 7; i >= 0; i--)
      |         ^
lcd.c(425): warning: passing 'const unsigned char[8]' to parameter of type 'unsigned char *' discards qualifiers [-Wincompatible-pointer-types-discards-qualifiers]
  425 |                 InternalLcdDataSwitch(A, indx);
      |                                       ^
lcd.c(385): note: passing argument to parameter 'valor' here
  385 | void InternalLcdDataSwitch(unsigned char *valor, unsigned char indx)
      |                                           ^
lcd.c(431): warning: passing 'const unsigned char[8]' to parameter of type 'unsigned char *' discards qualifiers [-Wincompatible-pointer-types-discards-qualifiers]
  431 |                 InternalLcdDataSwitch(B, indx);
      |                                       ^
lcd.c(385): note: passing argument to parameter 'valor' here
  385 | void InternalLcdDataSwitch(unsigned char *valor, unsigned char indx)
      |                                           ^
lcd.c(437): warning: passing 'const unsigned char[8]' to parameter of type 'unsigned char *' discards qualifiers [-Wincompatible-pointer-types-discards-qualifiers]
  437 |                 InternalLcdDataSwitch(C, indx);
      |                                       ^
lcd.c(385): note: passing argument to parameter 'valor' here
  385 | void InternalLcdDataSwitch(unsigned char *valor, unsigned char indx)
      |                                           ^
lcd.c(443): warning: passing 'const unsigned char[8]' to parameter of type 'unsigned char *' discards qualifiers [-Wincompatible-pointer-types-discards-qualifiers]
  443 |                 InternalLcdDataSwitch(D, indx);
      |                                       ^
lcd.c(385): note: passing argument to parameter 'valor' here
  385 | void InternalLcdDataSwitch(unsigned char *valor, unsigned char indx)
      |                                           ^
lcd.c(449): warning: passing 'const unsigned char[8]' to parameter of type 'unsigned char *' discards qualifiers [-Wincompatible-pointer-types-discards-qualifiers]
  449 |                 InternalLcdDataSwitch(E, indx);
      |                                       ^
lcd.c(385): note: passing argument to parameter 'valor' here
  385 | void InternalLcdDataSwitch(unsigned char *valor, unsigned char indx)
      |                                           ^
lcd.c(455): warning: passing 'const unsigned char[8]' to parameter of type 'unsigned char *' discards qualifiers [-Wincompatible-pointer-types-discards-qualifiers]
  455 |                 InternalLcdDataSwitch(F, indx);
      |                                       ^
lcd.c(385): note: passing argument to parameter 'valor' here
  385 | void InternalLcdDataSwitch(unsigned char *valor, unsigned char indx)
      |                                           ^
lcd.c(461): warning: passing 'const unsigned char[8]' to parameter of type 'unsigned char *' discards qualifiers [-Wincompatible-pointer-types-discards-qualifiers]
  461 |                 InternalLcdDataSwitch(G, indx);
      |                                       ^
lcd.c(385): note: passing argument to parameter 'valor' here
  385 | void InternalLcdDataSwitch(unsigned char *valor, unsigned char indx)
      |                                           ^
lcd.c(467): warning: passing 'const unsigned char[8]' to parameter of type 'unsigned char *' discards qualifiers [-Wincompatible-pointer-types-discards-qualifiers]
  467 |                 InternalLcdDataSwitch(J, indx);
      |                                       ^
lcd.c(385): note: passing argument to parameter 'valor' here
  385 | void InternalLcdDataSwitch(unsigned char *valor, unsigned char indx)
      |                                           ^
lcd.c(473): warning: passing 'const unsigned char[8]' to parameter of type 'unsigned char *' discards qualifiers [-Wincompatible-pointer-types-discards-qualifiers]
  473 |                 InternalLcdDataSwitch(K, indx);
      |                                       ^
lcd.c(385): note: passing argument to parameter 'valor' here
  385 | void InternalLcdDataSwitch(unsigned char *valor, unsigned char indx)
      |                                           ^
lcd.c(479): warning: passing 'const unsigned char[8]' to parameter of type 'unsigned char *' discards qualifiers [-Wincompatible-pointer-types-discards-qualifiers]
  479 |                 InternalLcdDataSwitch(L, indx);
      |                                       ^
lcd.c(385): note: passing argument to parameter 'valor' here
  385 | void InternalLcdDataSwitch(unsigned char *valor, unsigned char indx)
      |                                           ^
lcd.c(486): warning: passing 'const unsigned char[8]' to parameter of type 'unsigned char *' discards qualifiers [-Wincompatible-pointer-types-discards-qualifiers]
  486 |                 InternalLcdDataSwitch(P, indx);
      |                                       ^
lcd.c(385): note: passing argument to parameter 'valor' here
  385 | void InternalLcdDataSwitch(unsigned char *valor, unsigned char indx)
      |                                           ^
lcd.c(492): warning: passing 'const unsigned char[8]' to parameter of type 'unsigned char *' discards qualifiers [-Wincompatible-pointer-types-discards-qualifiers]
  492 |                 InternalLcdDataSwitch(Q, indx);
      |                                       ^
lcd.c(385): note: passing argument to parameter 'valor' here
  385 | void InternalLcdDataSwitch(unsigned char *valor, unsigned char indx)
      |                                           ^
lcd.c(498): warning: passing 'const unsigned char[8]' to parameter of type 'unsigned char *' discards qualifiers [-Wincompatible-pointer-types-discards-qualifiers]
  498 |                 InternalLcdDataSwitch(R, indx);
      |                                       ^
lcd.c(385): note: passing argument to parameter 'valor' here
  385 | void InternalLcdDataSwitch(unsigned char *valor, unsigned char indx)
      |                                           ^
lcd.c(505): warning: passing 'const unsigned char[8]' to parameter of type 'unsigned char *' discards qualifiers [-Wincompatible-pointer-types-discards-qualifiers]
  505 |                 InternalLcdDataSwitch(T, indx);
      |                                       ^
lcd.c(385): note: passing argument to parameter 'valor' here
  385 | void InternalLcdDataSwitch(unsigned char *valor, unsigned char indx)
      |                                           ^
lcd.c(511): warning: passing 'const unsigned char[8]' to parameter of type 'unsigned char *' discards qualifiers [-Wincompatible-pointer-types-discards-qualifiers]
  511 |                 InternalLcdDataSwitch(U, indx);
      |                                       ^
lcd.c(385): note: passing argument to parameter 'valor' here
  385 | void InternalLcdDataSwitch(unsigned char *valor, unsigned char indx)
      |                                           ^
lcd.c(517): warning: passing 'const unsigned char[8]' to parameter of type 'unsigned char *' discards qualifiers [-Wincompatible-pointer-types-discards-qualifiers]
  517 |                 InternalLcdDataSwitch(V, indx);
      |                                       ^
lcd.c(385): note: passing argument to parameter 'valor' here
  385 | void InternalLcdDataSwitch(unsigned char *valor, unsigned char indx)
      |                                           ^
lcd.c(523): warning: passing 'const unsigned char[8]' to parameter of type 'unsigned char *' discards qualifiers [-Wincompatible-pointer-types-discards-qualifiers]
  523 |                 InternalLcdDataSwitch(W, indx);
      |                                       ^
lcd.c(385): note: passing argument to parameter 'valor' here
  385 | void InternalLcdDataSwitch(unsigned char *valor, unsigned char indx)
      |                                           ^
lcd.c(530): warning: passing 'const unsigned char[8]' to parameter of type 'unsigned char *' discards qualifiers [-Wincompatible-pointer-types-discards-qualifiers]
  530 |                 InternalLcdDataSwitch(Y, indx);
      |                                       ^
lcd.c(385): note: passing argument to parameter 'valor' here
  385 | void InternalLcdDataSwitch(unsigned char *valor, unsigned char indx)
      |                                           ^
lcd.c(536): warning: passing 'const unsigned char[8]' to parameter of type 'unsigned char *' discards qualifiers [-Wincompatible-pointer-types-discards-qualifiers]
  536 |                 InternalLcdDataSwitch(Z, indx);
      |                                       ^
lcd.c(385): note: passing argument to parameter 'valor' here
  385 | void InternalLcdDataSwitch(unsigned char *valor, unsigned char indx)
      |                                           ^
lcd.c(542): warning: passing 'const unsigned char[8]' to parameter of type 'unsigned char *' discards qualifiers [-Wincompatible-pointer-types-discards-qualifiers]
  542 |             InternalLcdDataSwitch(a, indx);
      |                                   ^
lcd.c(385): note: passing argument to parameter 'valor' here
  385 | void InternalLcdDataSwitch(unsigned char *valor, unsigned char indx)
      |                                           ^
lcd.c(549): warning: passing 'const unsigned char[8]' to parameter of type 'unsigned char *' discards qualifiers [-Wincompatible-pointer-types-discards-qualifiers]
  549 |             InternalLcdDataSwitch(c, indx);
      |                                   ^
lcd.c(385): note: passing argument to parameter 'valor' here
  385 | void InternalLcdDataSwitch(unsigned char *valor, unsigned char indx)
      |                                           ^
lcd.c(555): warning: passing 'const unsigned char[8]' to parameter of type 'unsigned char *' discards qualifiers [-Wincompatible-pointer-types-discards-qualifiers]
  555 |             InternalLcdDataSwitch(d, indx);
      |                                   ^
lcd.c(385): note: passing argument to parameter 'valor' here
  385 | void InternalLcdDataSwitch(unsigned char *valor, unsigned char indx)
      |                                           ^
lcd.c(561): warning: passing 'const unsigned char[8]' to parameter of type 'unsigned char *' discards qualifiers [-Wincompatible-pointer-types-discards-qualifiers]
  561 |             InternalLcdDataSwitch(e, indx);
      |                                   ^
lcd.c(385): note: passing argument to parameter 'valor' here
  385 | void InternalLcdDataSwitch(unsigned char *valor, unsigned char indx)
      |                                           ^
lcd.c(567): warning: passing 'const unsigned char[8]' to parameter of type 'unsigned char *' discards qualifiers [-Wincompatible-pointer-types-discards-qualifiers]
  567 |             InternalLcdDataSwitch(f, indx);
      |                                   ^
lcd.c(385): note: passing argument to parameter 'valor' here
  385 | void InternalLcdDataSwitch(unsigned char *valor, unsigned char indx)
      |                                           ^
lcd.c(573): warning: passing 'const unsigned char[8]' to parameter of type 'unsigned char *' discards qualifiers [-Wincompatible-pointer-types-discards-qualifiers]
  573 |             InternalLcdDataSwitch(g, indx);
      |                                   ^
lcd.c(385): note: passing argument to parameter 'valor' here
  385 | void InternalLcdDataSwitch(unsigned char *valor, unsigned char indx)
      |                                           ^
lcd.c(579): warning: passing 'const unsigned char[8]' to parameter of type 'unsigned char *' discards qualifiers [-Wincompatible-pointer-types-discards-qualifiers]
  579 |             InternalLcdDataSwitch(h, indx);
      |                                   ^
lcd.c(385): note: passing argument to parameter 'valor' here
  385 | void InternalLcdDataSwitch(unsigned char *valor, unsigned char indx)
      |                                           ^
lcd.c(585): warning: passing 'const unsigned char[8]' to parameter of type 'unsigned char *' discards qualifiers [-Wincompatible-pointer-types-discards-qualifiers]
  585 |             InternalLcdDataSwitch(pseudoi, indx);
      |                                   ^~~~~~~
lcd.c(385): note: passing argument to parameter 'valor' here
  385 | void InternalLcdDataSwitch(unsigned char *valor, unsigned char indx)
      |                                           ^
lcd.c(591): warning: passing 'const unsigned char[8]' to parameter of type 'unsigned char *' discards qualifiers [-Wincompatible-pointer-types-discards-qualifiers]
  591 |             InternalLcdDataSwitch(j, indx);
      |                                   ^
lcd.c(385): note: passing argument to parameter 'valor' here
  385 | void InternalLcdDataSwitch(unsigned char *valor, unsigned char indx)
      |                                           ^
lcd.c(597): warning: passing 'const unsigned char[8]' to parameter of type 'unsigned char *' discards qualifiers [-Wincompatible-pointer-types-discards-qualifiers]
  597 |             InternalLcdDataSwitch(k, indx);
      |                                   ^
lcd.c(385): note: passing argument to parameter 'valor' here
  385 | void InternalLcdDataSwitch(unsigned char *valor, unsigned char indx)
      |                                           ^
lcd.c(603): warning: passing 'const unsigned char[8]' to parameter of type 'unsigned char *' discards qualifiers [-Wincompatible-pointer-types-discards-qualifiers]
  603 |             InternalLcdDataSwitch(n, indx);
      |                                   ^
lcd.c(385): note: passing argument to parameter 'valor' here
  385 | void InternalLcdDataSwitch(unsigned char *valor, unsigned char indx)
      |                                           ^
lcd.c(609): warning: passing 'const unsigned char[8]' to parameter of type 'unsigned char *' discards qualifiers [-Wincompatible-pointer-types-discards-qualifiers]
  609 |             InternalLcdDataSwitch(p, indx);
      |                                   ^
lcd.c(385): note: passing argument to parameter 'valor' here
  385 | void InternalLcdDataSwitch(unsigned char *valor, unsigned char indx)
      |                                           ^
lcd.c(616): warning: passing 'const unsigned char[8]' to parameter of type 'unsigned char *' discards qualifiers [-Wincompatible-pointer-types-discards-qualifiers]
  616 |             InternalLcdDataSwitch(r, indx);
      |                                   ^
lcd.c(385): note: passing argument to parameter 'valor' here
  385 | void InternalLcdDataSwitch(unsigned char *valor, unsigned char indx)
      |                                           ^
lcd.c(622): warning: passing 'const unsigned char[8]' to parameter of type 'unsigned char *' discards qualifiers [-Wincompatible-pointer-types-discards-qualifiers]
  622 |             InternalLcdDataSwitch(s, indx);
      |                                   ^
lcd.c(385): note: passing argument to parameter 'valor' here
  385 | void InternalLcdDataSwitch(unsigned char *valor, unsigned char indx)
      |                                           ^
lcd.c(628): warning: passing 'const unsigned char[8]' to parameter of type 'unsigned char *' discards qualifiers [-Wincompatible-pointer-types-discards-qualifiers]
  628 |             InternalLcdDataSwitch(t, indx);
      |                                   ^
lcd.c(385): note: passing argument to parameter 'valor' here
  385 | void InternalLcdDataSwitch(unsigned char *valor, unsigned char indx)
      |                                           ^
lcd.c(634): warning: passing 'const unsigned char[8]' to parameter of type 'unsigned char *' discards qualifiers [-Wincompatible-pointer-types-discards-qualifiers]
  634 |             InternalLcdDataSwitch(u, indx);
      |                                   ^
lcd.c(385): note: passing argument to parameter 'valor' here
  385 | void InternalLcdDataSwitch(unsigned char *valor, unsigned char indx)
      |                                           ^
lcd.c(641): warning: passing 'const unsigned char[8]' to parameter of type 'unsigned char *' discards qualifiers [-Wincompatible-pointer-types-discards-qualifiers]
  641 |             InternalLcdDataSwitch(v, indx);
      |                                   ^
lcd.c(385): note: passing argument to parameter 'valor' here
  385 | void InternalLcdDataSwitch(unsigned char *valor, unsigned char indx)
      |                                           ^
lcd.c(648): warning: passing 'const unsigned char[8]' to parameter of type 'unsigned char *' discards qualifiers [-Wincompatible-pointer-types-discards-qualifiers]
  648 |             InternalLcdDataSwitch(y, indx);
      |                                   ^
lcd.c(385): note: passing argument to parameter 'valor' here
  385 | void InternalLcdDataSwitch(unsigned char *valor, unsigned char indx)
      |                                           ^
lcd.c(654): warning: passing 'const unsigned char[8]' to parameter of type 'unsigned char *' discards qualifiers [-Wincompatible-pointer-types-discards-qualifiers]
  654 |             InternalLcdDataSwitch(z, indx);
      |                                   ^
lcd.c(385): note: passing argument to parameter 'valor' here
  385 | void InternalLcdDataSwitch(unsigned char *valor, unsigned char indx)
      |                                           ^
lcd.c(660): warning: passing 'const unsigned char[8]' to parameter of type 'unsigned char *' discards qualifiers [-Wincompatible-pointer-types-discards-qualifiers]
  660 |             InternalLcdDataSwitch(exclamacao, indx);
      |                                   ^~~~~~~~~~
lcd.c(385): note: passing argument to parameter 'valor' here
  385 | void InternalLcdDataSwitch(unsigned char *valor, unsigned char indx)
      |                                           ^
lcd.c(667): warning: passing 'const unsigned char[8]' to parameter of type 'unsigned char *' discards qualifiers [-Wincompatible-pointer-types-discards-qualifiers]
  667 |             InternalLcdDataSwitch(ecomercial, indx);
      |                                   ^~~~~~~~~~
lcd.c(385): note: passing argument to parameter 'valor' here
  385 | void InternalLcdDataSwitch(unsigned char *valor, unsigned char indx)
      |                                           ^
lcd.c(674): warning: passing 'const unsigned char[8]' to parameter of type 'unsigned char *' discards qualifiers [-Wincompatible-pointer-types-discards-qualifiers]
  674 |             InternalLcdDataSwitch(virgula, indx);
      |                                   ^~~~~~~
lcd.c(385): note: passing argument to parameter 'valor' here
  385 | void InternalLcdDataSwitch(unsigned char *valor, unsigned char indx)
      |                                           ^
lcd.c(681): warning: passing 'const unsigned char[8]' to parameter of type 'unsigned char *' discards qualifiers [-Wincompatible-pointer-types-discards-qualifiers]
  681 |             InternalLcdDataSwitch(ponto, indx);
      |                                   ^~~~~
lcd.c(385): note: passing argument to parameter 'valor' here
  385 | void InternalLcdDataSwitch(unsigned char *valor, unsigned char indx)
      |                                           ^
lcd.c(688): warning: passing 'const unsigned char[8]' to parameter of type 'unsigned char *' discards qualifiers [-Wincompatible-pointer-types-discards-qualifiers]
  688 |             InternalLcdDataSwitch(pontoevirgula, indx);
      |                                   ^~~~~~~~~~~~~
lcd.c(385): note: passing argument to parameter 'valor' here
  385 | void InternalLcdDataSwitch(unsigned char *valor, unsigned char indx)
      |                                           ^
lcd.c(695): warning: passing 'const unsigned char[8]' to parameter of type 'unsigned char *' discards qualifiers [-Wincompatible-pointer-types-discards-qualifiers]
  695 |             InternalLcdDataSwitch(interrogacao, indx);
      |                                   ^~~~~~~~~~~~
lcd.c(385): note: passing argument to parameter 'valor' here
  385 | void InternalLcdDataSwitch(unsigned char *valor, unsigned char indx)
      |                                           ^
lcd.c(702): warning: passing 'const unsigned char[8]' to parameter of type 'unsigned char *' discards qualifiers [-Wincompatible-pointer-types-discards-qualifiers]
  702 |             InternalLcdDataSwitch(potencia, indx);
      |                                   ^~~~~~~~
lcd.c(385): note: passing argument to parameter 'valor' here
  385 | void InternalLcdDataSwitch(unsigned char *valor, unsigned char indx)
      |                                           ^
lcd.c(709): warning: passing 'const unsigned char[8]' to parameter of type 'unsigned char *' discards qualifiers [-Wincompatible-pointer-types-discards-qualifiers]
  709 |             InternalLcdDataSwitch(under, indx);
      |                                   ^~~~~
lcd.c(385): note: passing argument to parameter 'valor' here
  385 | void InternalLcdDataSwitch(unsigned char *valor, unsigned char indx)
      |                                           ^
lcd.c(716): warning: passing 'const unsigned char[8]' to parameter of type 'unsigned char *' discards qualifiers [-Wincompatible-pointer-types-discards-qualifiers]
  716 |             InternalLcdDataSwitch(um, indx);
      |                                   ^~
lcd.c(385): note: passing argument to parameter 'valor' here
  385 | void InternalLcdDataSwitch(unsigned char *valor, unsigned char indx)
      |                                           ^
lcd.c(723): warning: passing 'const unsigned char[8]' to parameter of type 'unsigned char *' discards qualifiers [-Wincompatible-pointer-types-discards-qualifiers]
  723 |             InternalLcdDataSwitch(dois, indx);
      |                                   ^~~~
lcd.c(385): note: passing argument to parameter 'valor' here
  385 | void InternalLcdDataSwitch(unsigned char *valor, unsigned char indx)
      |                                           ^
lcd.c(730): warning: passing 'const unsigned char[8]' to parameter of type 'unsigned char *' discards qualifiers [-Wincompatible-pointer-types-discards-qualifiers]
  730 |             InternalLcdDataSwitch(tres, indx);
      |                                   ^~~~
lcd.c(385): note: passing argument to parameter 'valor' here
  385 | void InternalLcdDataSwitch(unsigned char *valor, unsigned char indx)
      |                                           ^
lcd.c(737): warning: passing 'const unsigned char[8]' to parameter of type 'unsigned char *' discards qualifiers [-Wincompatible-pointer-types-discards-qualifiers]
  737 |             InternalLcdDataSwitch(quatro, indx);
      |                                   ^~~~~~
lcd.c(385): note: passing argument to parameter 'valor' here
  385 | void InternalLcdDataSwitch(unsigned char *valor, unsigned char indx)
      |                                           ^
lcd.c(744): warning: passing 'const unsigned char[8]' to parameter of type 'unsigned char *' discards qualifiers [-Wincompatible-pointer-types-discards-qualifiers]
  744 |             InternalLcdDataSwitch(cinco, indx);
      |                                   ^~~~~
lcd.c(385): note: passing argument to parameter 'valor' here
  385 | void InternalLcdDataSwitch(unsigned char *valor, unsigned char indx)
      |                                           ^
lcd.c(751): warning: passing 'const unsigned char[8]' to parameter of type 'unsigned char *' discards qualifiers [-Wincompatible-pointer-types-discards-qualifiers]
  751 |             InternalLcdDataSwitch(sete, indx);
      |                                   ^~~~
lcd.c(385): note: passing argument to parameter 'valor' here
  385 | void InternalLcdDataSwitch(unsigned char *valor, unsigned char indx)
      |                                           ^
59 warnings generated.
compiling lcd.c...
linking...
Program Size: Code=15564 RO-data=1244 RW-data=52 ZI-data=6284  
FromELF: creating hex file...
".\CMSISrtxFirstProject.axf" - 0 Error(s), 65 Warning(s).

<h2>Software Packages used:</h2>

Package Vendor: ARM
                http://www.keil.com/pack/ARM.CMSIS.5.7.0.pack
                ARM::CMSIS@5.7.0
                CMSIS (Cortex Microcontroller Software Interface Standard)
   * Component: CORE Version: 5.4.0
   * Component: Keil RTX Version: 4.82.0
   * Component: RTOS Version: 1.0.0

Package Vendor: Keil
                https://www.keil.com/pack/Keil.STM32F1xx_DFP.2.4.1.pack
                Keil::STM32F1xx_DFP@2.4.1
                STMicroelectronics STM32F1 Series Device Support, Drivers and Examples
   * Component: GPIO Version: 1.3
   * Component: Startup Version: 1.0.0

<h2>Collection of Component include folders:</h2>
  ./RTE/Device/STM32F103C8
  ./RTE/_Target_1
  C:/Users/__Arsthon_Allow/AppData/Local/Arm/Packs/ARM/CMSIS/5.7.0/CMSIS/Core/Include
  C:/Users/__Arsthon_Allow/AppData/Local/Arm/Packs/ARM/CMSIS/5.7.0/CMSIS/RTOS/RTX/INC
  C:/Users/__Arsthon_Allow/AppData/Local/Arm/Packs/Keil/STM32F1xx_DFP/2.4.1/Device/Include
  C:/Users/__Arsthon_Allow/AppData/Local/Arm/Packs/Keil/STM32F1xx_DFP/2.4.1/RTE_Driver

<h2>Collection of Component Files used:</h2>

   * Component: ARM::CMSIS:CORE@5.4.0

   * Component: ARM::CMSIS:RTOS:Keil RTX@4.82.0
      Source file:   CMSIS/RTOS/RTX/UserCodeTemplates/MsgQueue.c
      Source file:   CMSIS/RTOS/RTX/UserCodeTemplates/Timer.c
      Source file:   CMSIS/RTOS/RTX/UserCodeTemplates/MemPool.c
      Source file:   CMSIS/RTOS/RTX/UserCodeTemplates/Thread.c
      Source file:   CMSIS/RTOS/RTX/UserCodeTemplates/MailQueue.c
      Source file:   CMSIS/RTOS/RTX/Templates/RTX_Conf_CM.c
      Include file:  CMSIS/RTOS/RTX/UserCodeTemplates/osObjects.h
      Library file:  CMSIS/RTOS/RTX/LIB/ARM/RTX_CM3.lib
      Source file:   CMSIS/RTOS/RTX/UserCodeTemplates/main.c
      Source file:   CMSIS/RTOS/RTX/UserCodeTemplates/Semaphore.c
      Source file:   CMSIS/RTOS/RTX/UserCodeTemplates/Mutex.c
      Source file:   CMSIS/RTOS/RTX/SRC/ARM/SVC_Table.s
      Include file:  CMSIS/RTOS/RTX/INC/cmsis_os.h

   * Component: CMSIS:RTOS(API)@1.0.0

   * Component: Keil::Device:GPIO@1.3
      Source file:   RTE_Driver/GPIO_STM32F10x.c
      Include file:  RTE_Driver/GPIO_STM32F10x.h

   * Component: Keil::Device:Startup@1.0.0
      Source file:   Device/Source/system_stm32f10x.c
      Source file:   Device/Source/ARM/startup_stm32f10x_md.s
      Include file:  RTE_Driver/Config/RTE_Device.h
      Source file:   Device/Source/ARM/STM32F1xx_OPT.s
Build Time Elapsed:  00:00:04
</pre>
</body>
</html>
