Component: Arm Compiler for Embedded 6.23 Tool: armlink [5f102400]

==============================================================================

Section Cross References

    main.o(.text) refers to rt_cmsis.o(i.osKernelInitialize) for osKernelInitialize
    main.o(.text) refers to main.o(.data._LedsTime_default) for _LedsTime_default
    main.o(.text) refers to main.o(.bss._LedsTime) for _LedsTime
    main.o(.text) refers to lcd.o(.text) for lcdInitNew
    main.o(.text) refers to rt_cmsis.o(i.osDelay) for osDelay
    main.o(.text) refers to main.o(.rodata.str1.1) for .L.str.2
    main.o(.text) refers to main.o(.rodata.os_thread_def__LEDs_Mode_01) for os_thread_def__LEDs_Mode_01
    main.o(.text) refers to rt_cmsis.o(i.osThreadCreate) for osThreadCreate
    main.o(.text) refers to main.o(.bss._LEDs_Mode_01_ID) for _LEDs_Mode_01_ID
    main.o(.text) refers to main.o(.rodata.os_thread_def__LEDs_Mode_02) for os_thread_def__LEDs_Mode_02
    main.o(.text) refers to main.o(.bss._LEDs_Mode_02_ID) for _LEDs_Mode_02_ID
    main.o(.text) refers to main.o(.rodata.os_thread_def__LEDs_Mode_03) for os_thread_def__LEDs_Mode_03
    main.o(.text) refers to main.o(.bss._LEDs_Mode_03_ID) for _LEDs_Mode_03_ID
    main.o(.text) refers to main.o(.rodata.os_thread_def__LEDs_Mode_04) for os_thread_def__LEDs_Mode_04
    main.o(.text) refers to main.o(.bss._LEDs_Mode_04_ID) for _LEDs_Mode_04_ID
    main.o(.text) refers to main.o(.rodata.os_thread_def__Func_05_SW_Read) for os_thread_def__Func_05_SW_Read
    main.o(.text) refers to main.o(.bss._Func_05_SW_Read_ID) for _Func_05_SW_Read_ID
    main.o(.text) refers to main.o(.rodata.os_thread_def__Func_06_SW_Read) for os_thread_def__Func_06_SW_Read
    main.o(.text) refers to main.o(.bss._Func_06_SW_Read_ID) for _Func_06_SW_Read_ID
    main.o(.text) refers to main.o(.rodata.os_thread_def_PotLedVelCtrl) for os_thread_def_PotLedVelCtrl
    main.o(.text) refers to main.o(.bss.PotLedVelCtrl_ID) for PotLedVelCtrl_ID
    main.o(.text) refers to main.o(.rodata.os_thread_def_LCD_Load) for os_thread_def_LCD_Load
    main.o(.text) refers to main.o(.bss.LCD_Load_ID) for LCD_Load_ID
    main.o(.text) refers to main.o(.rodata.os_mutex_def_lcd_mutex_def) for os_mutex_def_lcd_mutex_def
    main.o(.text) refers to rt_cmsis.o(i.osMutexCreate) for osMutexCreate
    main.o(.text) refers to main.o(.bss.lcd_mutex) for lcd_mutex
    main.o(.text) refers to main.o(.rodata.os_mutex_def_sw_mutex_def) for os_mutex_def_sw_mutex_def
    main.o(.text) refers to main.o(.bss.sw_mutex) for sw_mutex
    main.o(.text) refers to rt_cmsis.o(i.osSignalSet) for osSignalSet
    main.o(.text) refers to rt_cmsis.o(i.osKernelStart) for osKernelStart
    main.o(.text) refers to rtx_conf_cm.o(.text) for __osSignalWait
    main.o(.text) refers to rt_cmsis.o(i.osThreadGetId) for osThreadGetId
    main.o(.text) refers to rt_cmsis.o(i.osMutexWait) for osMutexWait
    main.o(.text) refers to rt_cmsis.o(i.osMutexRelease) for osMutexRelease
    main.o(.text) refers to main.o(.rodata..L__const._LEDs_Mode_04.leds_mask) for .L__const._LEDs_Mode_04.leds_mask
    main.o(.text) refers to main.o(.rodata..L__const._LEDs_Mode_04.notas) for .L__const._LEDs_Mode_04.notas
    main.o(.text) refers to main.o(.bss.nots) for nots
    main.o(.text) refers to main.o(.rodata..L__const._Func_05_SW_Read.switches) for .L__const._Func_05_SW_Read.switches
    main.o(.text) refers to rt_cmsis.o(i.osSignalClear) for osSignalClear
    main.o(.text) refers to main.o(.bss.mode) for mode
    main.o(.text) refers to main.o(.rodata..L__const._Func_06_SW_Read.switches) for .L__const._Func_06_SW_Read.switches
    main.o(.ARM.exidx) refers to main.o(.text) for [Anonymous Symbol]
    main.o(.rodata.os_mutex_def_lcd_mutex_def) refers to main.o(.bss.os_mutex_cb_lcd_mutex_def) for os_mutex_cb_lcd_mutex_def
    main.o(.rodata.os_mutex_def_sw_mutex_def) refers to main.o(.bss.os_mutex_cb_sw_mutex_def) for os_mutex_cb_sw_mutex_def
    main.o(.rodata.os_thread_def__LEDs_Mode_01) refers to main.o(.text) for _LEDs_Mode_01
    main.o(.rodata.os_thread_def__LEDs_Mode_02) refers to main.o(.text) for _LEDs_Mode_02
    main.o(.rodata.os_thread_def__LEDs_Mode_03) refers to main.o(.text) for _LEDs_Mode_03
    main.o(.rodata.os_thread_def__LEDs_Mode_04) refers to main.o(.text) for _LEDs_Mode_04
    main.o(.rodata.os_thread_def__Func_05_SW_Read) refers to main.o(.text) for _Func_05_SW_Read
    main.o(.rodata.os_thread_def__Func_06_SW_Read) refers to main.o(.text) for _Func_06_SW_Read
    main.o(.rodata.os_thread_def_PotLedVelCtrl) refers to main.o(.text) for PotLedVelCtrl
    main.o(.rodata.os_thread_def_LCD_Load) refers to main.o(.text) for LCD_Load
    lcd.o(.text) refers to lcd.o(.bss.head) for head
    lcd.o(.text) refers to datastructlist.o(.text) for search
    lcd.o(.text) refers to lcd.o(.bss.position) for position
    lcd.o(.text) refers to lcd.o(.bss.index) for index
[...]
    i.rt_systick                             0x0800372c   Section        0  rt_system.o(i.rt_systick)
    rt_tid2ptcb                              0x0800376d   Thumb Code    18  rt_cmsis.o(i.rt_tid2ptcb)
    i.rt_tid2ptcb                            0x0800376c   Section        0  rt_cmsis.o(i.rt_tid2ptcb)
    rt_timer_insert                          0x08003781   Thumb Code    48  rt_cmsis.o(i.rt_timer_insert)
    i.rt_timer_insert                        0x08003780   Section        0  rt_cmsis.o(i.rt_timer_insert)
    i.rt_tsk_create                          0x080037b4   Section        0  rt_task.o(i.rt_tsk_create)
    i.rt_tsk_delete                          0x0800383c   Section        0  rt_task.o(i.rt_tsk_delete)
    i.rt_tsk_prio                            0x080039b8   Section        0  rt_task.o(i.rt_tsk_prio)
    i.rt_tsk_self                            0x08003a34   Section        0  rt_task.o(i.rt_tsk_self)
    i.svcDelay                               0x08003a44   Section        0  rt_cmsis.o(i.svcDelay)
    i.svcKernelInitialize                    0x08003a58   Section        0  rt_cmsis.o(i.svcKernelInitialize)
    i.svcKernelStart                         0x08003ac8   Section        0  rt_cmsis.o(i.svcKernelStart)
    i.svcMessageCreate                       0x08003b10   Section        0  rt_cmsis.o(i.svcMessageCreate)
    i.svcMessageGet                          0x08003b34   Section        0  rt_cmsis.o(i.svcMessageGet)
    i.svcMutexCreate                         0x08003b6e   Section        0  rt_cmsis.o(i.svcMutexCreate)
    i.svcMutexRelease                        0x08003b8a   Section        0  rt_cmsis.o(i.svcMutexRelease)
    i.svcMutexWait                           0x08003bac   Section        0  rt_cmsis.o(i.svcMutexWait)
    i.svcSignalClear                         0x08003be6   Section        0  rt_cmsis.o(i.svcSignalClear)
    i.svcSignalSet                           0x08003c0a   Section        0  rt_cmsis.o(i.svcSignalSet)
    i.svcSignalWait                          0x08003c30   Section        0  rt_cmsis.o(i.svcSignalWait)
    i.svcThreadCreate                        0x08003c84   Section        0  rt_cmsis.o(i.svcThreadCreate)
    i.svcThreadGetId                         0x08003cf0   Section        0  rt_cmsis.o(i.svcThreadGetId)
    i.svcThreadTerminate                     0x08003d0c   Section        0  rt_cmsis.o(i.svcThreadTerminate)
    i.svcTimerCall                           0x08003d44   Section        0  rt_cmsis.o(i.svcTimerCall)
    i.sysTimerTick                           0x08003d5c   Section        0  rt_cmsis.o(i.sysTimerTick)
    .L__const._Func_05_SW_Read.switches      0x08003db8   Data          72  main.o(.rodata..L__const._Func_05_SW_Read.switches)
    .L__const._Func_06_SW_Read.switches      0x08003e00   Data          56  main.o(.rodata..L__const._Func_06_SW_Read.switches)
    .L__const._LEDs_Mode_04.leds_mask        0x08003e38   Data          18  main.o(.rodata..L__const._LEDs_Mode_04.leds_mask)
    .L__const._LEDs_Mode_04.notas            0x08003e4a   Data          90  main.o(.rodata..L__const._LEDs_Mode_04.notas)
    __tagsym$$used.2                         0x08003ecc   Number         0  rtx_conf_cm.o(.rodata.CMSIS_RTOS_API_Version)
    __tagsym$$used.3                         0x08003ed0   Number         0  rtx_conf_cm.o(.rodata.CMSIS_RTOS_RTX_Version)
    __tagsym$$used.4                         0x08003fd4   Number         0  rtx_conf_cm.o(.rodata.os_clockrate)
    __tagsym$$used.5                         0x08004098   Number         0  rtx_conf_cm.o(.rodata.os_timernum)
    .L.str.12                                0x080040e8   Data           2  main.o(.rodata.str1.1)
    [Anonymous Symbol]                       0x080040e8   Section        0  main.o(.rodata.str1.1)
    .L.str.3                                 0x08004116   Data          12  main.o(.rodata.str1.1)
    .L.str.2                                 0x08004122   Data          12  main.o(.rodata.str1.1)
    .L.str                                   0x0800412e   Data          17  lcd.o(.rodata.str1.1)
    [Anonymous Symbol]                       0x0800412e   Section        0  lcd.o(.rodata.str1.1)
    .data                                    0x20000004   Section        8  rt_cmsis.o(.data)
    .data                                    0x2000000c   Section        8  rt_task.o(.data)
    os_lock                                  0x20000014   Data           1  rt_system.o(.data)
    .data                                    0x20000014   Section        8  rt_system.o(.data)
    os_psh_flag                              0x20000015   Data           1  rt_system.o(.data)
    pend_flags                               0x20000016   Data           1  rt_system.o(.data)
    .data                                    0x2000001c   Section        4  rt_time.o(.data)
    .data                                    0x20000020   Section        8  rt_robin.o(.data)
    .data                                    0x20000028   Section        1  hal_cm.o(.data)
    .bss                                     0x20000038   Section       52  rt_task.o(.bss)
    .bss                                     0x2000006c   Section       48  rt_list.o(.bss)
    .bss                                     0x2000009c   Section       96  libspace.o(.bss)
    nr_mutex                                 0x20000b6c   Data           4  rtx_conf_cm.o(.bss.nr_mutex)
    [Anonymous Symbol]                       0x20000b6c   Section        0  rtx_conf_cm.o(.bss.nr_mutex)
    std_libmutex                             0x20000e1c   Data         128  rtx_conf_cm.o(.bss.std_libmutex)
    [Anonymous Symbol]                       0x20000e1c   Section        0  rtx_conf_cm.o(.bss.std_libmutex)
    std_libspace                             0x20000e9c   Data        1056  rtx_conf_cm.o(.bss.std_libspace)
    [Anonymous Symbol]                       0x20000e9c   Section        0  rtx_conf_cm.o(.bss.std_libspace)
    Heap_Mem                                 0x200012c0   Data         512  startup_stm32f10x_md.o(HEAP)
    HEAP                                     0x200012c0   Section      512  startup_stm32f10x_md.o(HEAP)
    Stack_Mem                                0x200014c0   Data        1024  startup_stm32f10x_md.o(STACK)
    STACK                                    0x200014c0   Section     1024  startup_stm32f10x_md.o(STACK)
    __initial_sp                             0x200018c0   Data           0  startup_stm32f10x_md.o(STACK)

    Global Symbols

    Symbol Name                              Value     Ov Type        Size  Object(Section)

    BuildAttributes$$THM_ISAv4$P$D$K$B$S$PE$A:L22UL41UL21$X:L11$S22US41US21$IEEE1$IW$~IW$USESV6$~STKCKD$USESV7$~SHL$OTIME$ROPI$EBA8$UX$STANDARDLIB$REQ8$PRES8$EABIv2 0x00000000   Number         0  anon$$obj.o ABSOLUTE
    __fp_init_empty                          0x00000000   Number         0  fpinit_empty.o ABSOLUTE
    __ARM_exceptions_init                     - Undefined Weak Reference
    __alloca_initialize                       - Undefined Weak Reference
    __arm_preinit_                            - Undefined Weak Reference
    __arm_relocate_pie_                       - Undefined Weak Reference
    __cpp_initialize__aeabi_                  - Undefined Weak Reference
    __cxa_finalize                            - Undefined Weak Reference
    __rt_locale                               - Undefined Weak Reference
    __sigvec_lookup                           - Undefined Weak Reference
    __user_heap_extent                        - Undefined Weak Reference
    _atexit_init                              - Undefined Weak Reference
    _call_atexit_fns                          - Undefined Weak Reference
    _clock_init                               - Undefined Weak Reference
    _fp_trap_init                             - Undefined Weak Reference
    _fp_trap_shutdown                         - Undefined Weak Reference
    _get_lc_collate                           - Undefined Weak Reference
    _get_lc_ctype                             - Undefined Weak Reference
    _get_lc_monetary                          - Undefined Weak Reference
    _get_lc_numeric                           - Undefined Weak Reference
    _get_lc_time                              - Undefined Weak Reference
    _getenv_init                              - Undefined Weak Reference
    _handle_redirection                       - Undefined Weak Reference
    _initio                                   - Undefined Weak Reference
    _mutex_free                               - Undefined Weak Reference
    _rand_init                                - Undefined Weak Reference
    _signal_finish                            - Undefined Weak Reference
    _signal_init                              - Undefined Weak Reference
    _terminateio                              - Undefined Weak Reference
    __Vectors_Size                           0x000000ec   Number         0  startup_stm32f10x_md.o ABSOLUTE
    __RL_RTX_VER                             0x00000482   Number         0  rt_system.o ABSOLUTE
    __Vectors                                0x08000000   Data           4  startup_stm32f10x_md.o(RESET)
    __Vectors_End                            0x080000ec   Data           0  startup_stm32f10x_md.o(RESET)
    __main                                   0x080000ed   Thumb Code     8  __main.o(!!!main)
    __scatterload                            0x080000f5   Thumb Code     0  __scatter.o(!!!scatter)
    __scatterload_rt2                        0x080000f5   Thumb Code    84  __scatter.o(!!!scatter)
    __scatterload_rt2_thumb_only             0x080000f5   Thumb Code     0  __scatter.o(!!!scatter)
    __scatterload_loop                       0x080000ff   Thumb Code     0  __scatter.o(!!!scatter)
    __scatterload_copy                       0x08000151   Thumb Code    26  __scatter_copy.o(!!handler_copy)
    __scatterload_null                       0x0800016d   Thumb Code     2  __scatter.o(!!handler_null)
    __scatterload_zeroinit                   0x08000171   Thumb Code    28  __scatter_zi.o(!!handler_zi)
    __rt_lib_init                            0x0800018d   Thumb Code     0  libinit.o(.ARM.Collect$$libinit$$00000000)
    __rt_lib_init_fp_1                       0x0800018f   Thumb Code     0  libinit2.o(.ARM.Collect$$libinit$$00000002)
    __rt_lib_init_heap_2                     0x0800018f   Thumb Code     0  libinit2.o(.ARM.Collect$$libinit$$00000007)
    __rt_lib_init_preinit_1                  0x0800018f   Thumb Code     0  libinit2.o(.ARM.Collect$$libinit$$00000006)
    __rt_lib_init_relocate_pie_1             0x0800018f   Thumb Code     0  libinit2.o(.ARM.Collect$$libinit$$00000004)
    __rt_lib_init_alloca_1                   0x08000197   Thumb Code     0  libinit2.o(.ARM.Collect$$libinit$$00000030)
    __rt_lib_init_argv_1                     0x08000197   Thumb Code     0  libinit2.o(.ARM.Collect$$libinit$$0000002E)
    __rt_lib_init_atexit_1                   0x08000197   Thumb Code     0  libinit2.o(.ARM.Collect$$libinit$$0000001D)
    __rt_lib_init_clock_1                    0x08000197   Thumb Code     0  libinit2.o(.ARM.Collect$$libinit$$00000023)
    __rt_lib_init_cpp_1                      0x08000197   Thumb Code     0  libinit2.o(.ARM.Collect$$libinit$$00000034)
    __rt_lib_init_exceptions_1               0x08000197   Thumb Code     0  libinit2.o(.ARM.Collect$$libinit$$00000032)
    __rt_lib_init_fp_trap_1                  0x08000197   Thumb Code     0  libinit2.o(.ARM.Collect$$libinit$$00000021)
    __rt_lib_init_getenv_1                   0x08000197   Thumb Code     0  libinit2.o(.ARM.Collect$$libinit$$00000025)
    __rt_lib_init_heap_1                     0x08000197   Thumb Code     0  libinit2.o(.ARM.Collect$$libinit$$0000000C)
    __rt_lib_init_lc_collate_1               0x08000197   Thumb Code     0  libinit2.o(.ARM.Collect$$libinit$$00000013)
    __rt_lib_init_lc_ctype_1                 0x08000197   Thumb Code     0  libinit2.o(.ARM.Collect$$libinit$$00000015)
    __rt_lib_init_lc_monetary_1              0x08000197   Thumb Code     0  libinit2.o(.ARM.Collect$$libinit$$00000017)
    __rt_lib_init_lc_numeric_1               0x08000197   Thumb Code     0  libinit2.o(.ARM.Collect$$libinit$$00000019)
    __rt_lib_init_lc_time_1                  0x08000197   Thumb Code     0  libinit2.o(.ARM.Collect$$libinit$$0000001B)
    __rt_lib_init_rand_1                     0x08000197   Thumb Code     0  libinit2.o(.ARM.Collect$$libinit$$00000010)
    __rt_lib_init_return                     0x08000197   Thumb Code     0  libinit2.o(.ARM.Collect$$libinit$$00000035)
    __rt_lib_init_signal_1                   0x08000197   Thumb Code     0  libinit2.o(.ARM.Collect$$libinit$$0000001F)
    __rt_lib_init_stdio_1                    0x08000197   Thumb Code     0  libinit2.o(.ARM.Collect$$libinit$$00000027)
    __rt_lib_init_user_alloc_1               0x08000197   Thumb Code     0  libinit2.o(.ARM.Collect$$libinit$$0000000E)
    __rt_lib_shutdown                        0x08000199   Thumb Code     0  libshutdown.o(.ARM.Collect$$libshutdown$$00000000)
    __rt_lib_shutdown_cpp_1                  0x0800019b   Thumb Code     0  libshutdown2.o(.ARM.Collect$$libshutdown$$00000002)
    __rt_lib_shutdown_fp_trap_1              0x0800019b   Thumb Code     0  libshutdown2.o(.ARM.Collect$$libshutdown$$00000007)
    __rt_lib_shutdown_heap_1                 0x0800019b   Thumb Code     0  libshutdown2.o(.ARM.Collect$$libshutdown$$0000000F)
    __rt_lib_shutdown_return                 0x0800019b   Thumb Code     0  libshutdown2.o(.ARM.Collect$$libshutdown$$00000010)
    __rt_lib_shutdown_signal_1               0x0800019b   Thumb Code     0  libshutdown2.o(.ARM.Collect$$libshutdown$$0000000A)
    __rt_lib_shutdown_stdio_1                0x0800019b   Thumb Code     0  libshutdown2.o(.ARM.Collect$$libshutdown$$00000004)
    __rt_lib_shutdown_user_alloc_1           0x0800019b   Thumb Code     0  libshutdown2.o(.ARM.Collect$$libshutdown$$0000000C)
    __rt_entry                               0x0800019d   Thumb Code     0  __rtentry.o(.ARM.Collect$$rtentry$$00000000)
    __rt_entry_presh_1                       0x0800019d   Thumb Code     0  __rtentry2.o(.ARM.Collect$$rtentry$$00000002)
    __rt_entry_sh                            0x0800019d   Thumb Code     0  __rtentry4.o(.ARM.Collect$$rtentry$$00000004)
    __rt_entry_li                            0x080001a3   Thumb Code     0  __rtentry2.o(.ARM.Collect$$rtentry$$0000000A)
    __rt_entry_postsh_1                      0x080001a3   Thumb Code     0  __rtentry2.o(.ARM.Collect$$rtentry$$00000009)
    __rt_entry_postli_1                      0x080001a7   Thumb Code     0  __rtentry2.o(.ARM.Collect$$rtentry$$0000000B)
    __rt_entry_main                          0x080001af   Thumb Code     0  __rtentry2.o(.ARM.Collect$$rtentry$$0000000D)
    __rt_exit                                0x080001b7   Thumb Code     0  rtexit.o(.ARM.Collect$$rtexit$$00000000)
    __rt_exit_ls                             0x080001b9   Thumb Code     0  rtexit2.o(.ARM.Collect$$rtexit$$00000003)
    __rt_exit_prels_1                        0x080001b9   Thumb Code     0  rtexit2.o(.ARM.Collect$$rtexit$$00000002)
    __rt_exit_exit                           0x080001bd   Thumb Code     0  rtexit2.o(.ARM.Collect$$rtexit$$00000004)
    rt_set_PSP                               0x080001c5   Thumb Code     6  hal_cm3.o(.emb_text)
    rt_get_PSP                               0x080001cb   Thumb Code     6  hal_cm3.o(.emb_text)
    os_set_env                               0x080001d1   Thumb Code    24  hal_cm3.o(.emb_text)
    _alloc_box                               0x080001ed   Thumb Code    28  hal_cm3.o(.emb_text)
    _free_box                                0x0800020d   Thumb Code    28  hal_cm3.o(.emb_text)
    SVC_Handler                              0x0800022d   Thumb Code   108  hal_cm3.o(.emb_text)
    PendSV_Handler                           0x080002a5   Thumb Code    56  hal_cm3.o(.emb_text)
    SysTick_Handler                          0x080002e1   Thumb Code     8  hal_cm3.o(.emb_text)
    OS_Tick_Handler                          0x080002e9   Thumb Code    12  hal_cm3.o(.emb_text)
    main                                     0x080002f5   Thumb Code   760  main.o(.text)
    delay                                    0x08000675   Thumb Code     2  main.o(.text)
    Buzz_Off                                 0x08000679   Thumb Code    54  main.o(.text)
    ADC_Read                                 0x080006b1   Thumb Code    32  main.o(.text)
    setup_RedPill                            0x080006d1   Thumb Code   208  main.o(.text)
    _LEDs_Mode_01                            0x080007a1   Thumb Code   224  main.o(.text)
    _LEDs_Mode_02                            0x08000881   Thumb Code   144  main.o(.text)
    _LEDs_Mode_03                            0x08000919   Thumb Code   138  main.o(.text)
    _LEDs_Mode_04                            0x080009a5   Thumb Code   320  main.o(.text)
    _Func_05_SW_Read                         0x08000ae5   Thumb Code   496  main.o(.text)
    _Func_06_SW_Read                         0x08000cd5   Thumb Code   322  main.o(.text)
    SoftnerLeds                              0x08000e19   Thumb Code   376  main.o(.text)
    PotLedVelCtrl                            0x08000f99   Thumb Code   250  main.o(.text)
    SoftnerLedsPot                           0x08001095   Thumb Code    94  main.o(.text)
    LCD_Load                                 0x080010f5   Thumb Code   148  main.o(.text)
    delay_ms                                 0x0800119d   Thumb Code    62  lcd.o(.text)
    delay_us                                 0x080011dd   Thumb Code    46  lcd.o(.text)
    lcdDataNew                               0x0800120d   Thumb Code   214  lcd.o(.text)
    lcdReuseChar                             0x080012e5   Thumb Code   232  lcd.o(.text)
    lcdCommand                               0x080013cd   Thumb Code    20  lcd.o(.text)
    lcdData                                  0x080013e1   Thumb Code    20  lcd.o(.text)
    lcdDataSwitch                            0x080013f5   Thumb Code   824  lcd.o(.text)
    lcdRepeatChar                            0x0800172d   Thumb Code    60  lcd.o(.text)
    lcd_putValue                             0x08001769   Thumb Code   258  lcd.o(.text)
    lcdString                                0x0800186d   Thumb Code    50  lcd.o(.text)
    tempo                                    0x080018a1   Thumb Code    46  lcd.o(.text)
    lcdInit                                  0x080018d1   Thumb Code   474  lcd.o(.text)
    lcdInitNew                               0x08001aad   Thumb Code   538  lcd.o(.text)
    lcdPosition                              0x08001cc9   Thumb Code    66  lcd.o(.text)
    lcdPositionNew                           0x08001d0d   Thumb Code    56  lcd.o(.text)
    lcdInt                                   0x08001d45   Thumb Code   252  lcd.o(.text)
    lcdTempo                                 0x08001e41   Thumb Code   218  lcd.o(.text)
    lcdIntNew                                0x08001f1d   Thumb Code   156  lcd.o(.text)
    lcdStringNew                             0x08001fb9   Thumb Code    32  lcd.o(.text)
    lcdTempoNew                              0x08001fd9   Thumb Code   142  lcd.o(.text)
    lcdClear                                 0x08002069   Thumb Code   124  lcd.o(.text)
    InternalLcdDataSwitch                    0x080020e5   Thumb Code   112  lcd.o(.text)
    add                                      0x08002155   Thumb Code    52  datastructlist.o(.text)
    freelist                                 0x08002189   Thumb Code    26  datastructlist.o(.text)
    search                                   0x080021a5   Thumb Code    22  datastructlist.o(.text)
    searchIndex                              0x080021bd   Thumb Code    22  datastructlist.o(.text)
    os_idle_demon                            0x080021d5   Thumb Code     2  rtx_conf_cm.o(.text)
    os_error                                 0x080021d9   Thumb Code     2  rtx_conf_cm.o(.text)
    __user_perthread_libspace                0x080021dd   Thumb Code    62  rtx_conf_cm.o(.text)
    _mutex_initialize                        0x0800221d   Thumb Code    48  rtx_conf_cm.o(.text)
    __osSignalWait                           0x0800224d   Thumb Code    18  rtx_conf_cm.o(.text)
    __osMessageGet                           0x08002261   Thumb Code    18  rtx_conf_cm.o(.text)
    __osMailGet                              0x08002275   Thumb Code    18  rtx_conf_cm.o(.text)
    _platform_post_lib_init                  0x08002289   Thumb Code    26  rtx_conf_cm.o(.text)
    Reset_Handler                            0x080022a5   Thumb Code     8  startup_stm32f10x_md.o(.text)
    NMI_Handler                              0x080022ad   Thumb Code     2  startup_stm32f10x_md.o(.text)
    HardFault_Handler                        0x080022af   Thumb Code     2  startup_stm32f10x_md.o(.text)
    MemManage_Handler                        0x080022b1   Thumb Code     2  startup_stm32f10x_md.o(.text)
    BusFault_Handler                         0x080022b3   Thumb Code     2  startup_stm32f10x_md.o(.text)
    UsageFault_Handler                       0x080022b5   Thumb Code     2  startup_stm32f10x_md.o(.text)
    DebugMon_Handler                         0x080022b9   Thumb Code     2  startup_stm32f10x_md.o(.text)
    ADC1_2_IRQHandler                        0x080022bf   Thumb Code     0  startup_stm32f10x_md.o(.text)
    CAN1_RX1_IRQHandler                      0x080022bf   Thumb Code     0  startup_stm32f10x_md.o(.text)
    CAN1_SCE_IRQHandler                      0x080022bf   Thumb Code     0  startup_stm32f10x_md.o(.text)
    DMA1_Channel1_IRQHandler                 0x080022bf   Thumb Code     0  startup_stm32f10x_md.o(.text)
    DMA1_Channel2_IRQHandler                 0x080022bf   Thumb Code     0  startup_stm32f10x_md.o(.text)
    DMA1_Channel3_IRQHandler                 0x080022bf   Thumb Code     0  startup_stm32f10x_md.o(.text)
    DMA1_Channel4_IRQHandler                 0x080022bf   Thumb Code     0  startup_stm32f10x_md.o(.text)
    DMA1_Channel5_IRQHandler                 0x080022bf   Thumb Code     0  startup_stm32f10x_md.o(.text)
    DMA1_Channel6_IRQHandler                 0x080022bf   Thumb Code     0  startup_stm32f10x_md.o(.text)
    DMA1_Channel7_IRQHandler                 0x080022bf   Thumb Code     0  startup_stm32f10x_md.o(.text)
    EXTI0_IRQHandler                         0x080022bf   Thumb Code     0  startup_stm32f10x_md.o(.text)
    EXTI15_10_IRQHandler                     0x080022bf   Thumb Code     0  startup_stm32f10x_md.o(.text)
    EXTI1_IRQHandler                         0x080022bf   Thumb Code     0  startup_stm32f10x_md.o(.text)
    EXTI2_IRQHandler                         0x080022bf   Thumb Code     0  startup_stm32f10x_md.o(.text)
    EXTI3_IRQHandler                         0x080022bf   Thumb Code     0  startup_stm32f10x_md.o(.text)
    EXTI4_IRQHandler                         0x080022bf   Thumb Code     0  startup_stm32f10x_md.o(.text)
    EXTI9_5_IRQHandler                       0x080022bf   Thumb Code     0  startup_stm32f10x_md.o(.text)
    FLASH_IRQHandler                         0x080022bf   Thumb Code     0  startup_stm32f10x_md.o(.text)
    I2C1_ER_IRQHandler                       0x080022bf   Thumb Code     0  startup_stm32f10x_md.o(.text)
    I2C1_EV_IRQHandler                       0x080022bf   Thumb Code     0  startup_stm32f10x_md.o(.text)
    I2C2_ER_IRQHandler                       0x080022bf   Thumb Code     0  startup_stm32f10x_md.o(.text)
    I2C2_EV_IRQHandler                       0x080022bf   Thumb Code     0  startup_stm32f10x_md.o(.text)
    PVD_IRQHandler                           0x080022bf   Thumb Code     0  startup_stm32f10x_md.o(.text)
    RCC_IRQHandler                           0x080022bf   Thumb Code     0  startup_stm32f10x_md.o(.text)
    RTCAlarm_IRQHandler                      0x080022bf   Thumb Code     0  startup_stm32f10x_md.o(.text)
    RTC_IRQHandler                           0x080022bf   Thumb Code     0  startup_stm32f10x_md.o(.text)
    SPI1_IRQHandler                          0x080022bf   Thumb Code     0  startup_stm32f10x_md.o(.text)
    SPI2_IRQHandler                          0x080022bf   Thumb Code     0  startup_stm32f10x_md.o(.text)
    TAMPER_IRQHandler                        0x080022bf   Thumb Code     0  startup_stm32f10x_md.o(.text)
    TIM1_BRK_IRQHandler                      0x080022bf   Thumb Code     0  startup_stm32f10x_md.o(.text)
    TIM1_CC_IRQHandler                       0x080022bf   Thumb Code     0  startup_stm32f10x_md.o(.text)
    TIM1_TRG_COM_IRQHandler                  0x080022bf   Thumb Code     0  startup_stm32f10x_md.o(.text)
    TIM1_UP_IRQHandler                       0x080022bf   Thumb Code     0  startup_stm32f10x_md.o(.text)
    TIM2_IRQHandler                          0x080022bf   Thumb Code     0  startup_stm32f10x_md.o(.text)
    TIM3_IRQHandler                          0x080022bf   Thumb Code     0  startup_stm32f10x_md.o(.text)
    TIM4_IRQHandler                          0x080022bf   Thumb Code     0  startup_stm32f10x_md.o(.text)
    USART1_IRQHandler                        0x080022bf   Thumb Code     0  startup_stm32f10x_md.o(.text)
    USART2_IRQHandler                        0x080022bf   Thumb Code     0  startup_stm32f10x_md.o(.text)
    USART3_IRQHandler                        0x080022bf   Thumb Code     0  startup_stm32f10x_md.o(.text)
    USBWakeUp_IRQHandler                     0x080022bf   Thumb Code     0  startup_stm32f10x_md.o(.text)
    USB_HP_CAN1_TX_IRQHandler                0x080022bf   Thumb Code     0  startup_stm32f10x_md.o(.text)
    USB_LP_CAN1_RX0_IRQHandler               0x080022bf   Thumb Code     0  startup_stm32f10x_md.o(.text)
    WWDG_IRQHandler                          0x080022bf   Thumb Code     0  startup_stm32f10x_md.o(.text)
    __user_initial_stackheap                 0x080022c1   Thumb Code     0  startup_stm32f10x_md.o(.text)
    SystemInit                               0x080022e5   Thumb Code   268  system_stm32f10x.o(.text)
    SystemCoreClockUpdate                    0x080023f1   Thumb Code    94  system_stm32f10x.o(.text)
    __user_libspace                          0x08002451   Thumb Code     8  libspace.o(.text)
    __user_perproc_libspace                  0x08002451   Thumb Code     0  libspace.o(.text)
    malloc_internal$concurrent               0x08002469   Thumb Code   130  h1_alloc_threads.o(.text)
    malloc                                   0x080024eb   Thumb Code    20  h1_alloc_threads.o(.text)
    free_internal$concurrent                 0x080024ff   Thumb Code    98  h1_free_threads.o(.text)
    free                                     0x08002561   Thumb Code    20  h1_free_threads.o(.text)
    __use_two_region_memory                  0x08002575   Thumb Code     2  heapauxi.o(.text)
    __rt_heap_escrow                         0x08002577   Thumb Code     2  heapauxi.o(.text)
    __rt_heap_expand                         0x08002579   Thumb Code     2  heapauxi.o(.text)
    __rt_heap_descriptor                     0x0800257b   Thumb Code    10  rt_heap_descriptor_twolibspace.o(.text)
    __use_no_heap                            0x08002585   Thumb Code     2  hguard.o(.text)
    __heap$guard                             0x08002587   Thumb Code     2  hguard.o(.text)
    _terminate_user_alloc                    0x08002589   Thumb Code     2  init_alloc.o(.text)
    _init_user_alloc                         0x0800258b   Thumb Code     2  init_alloc.o(.text)
    __Heap_Full                              0x0800258d   Thumb Code    34  init_alloc.o(.text)
    __Heap_Broken                            0x080025af   Thumb Code     6  init_alloc.o(.text)
    _init_alloc                              0x080025b5   Thumb Code    94  init_alloc.o(.text)
    __Heap_Initialize                        0x08002613   Thumb Code    14  h1_init_threads.o(.text)
    __Heap_DescSize                          0x08002621   Thumb Code     4  h1_init_threads.o(.text)
    _maybe_terminate_alloc                   0x08002625   Thumb Code     0  maybetermalloc1.o(.text)
    __Heap_ProvideMemory                     0x08002633   Thumb Code    68  h1_extend_threads.o(.text)
    __rt_SIGRTMEM                            0x08002677   Thumb Code    14  defsig_rtmem_outer.o(.text)
    __I$use$semihosting                      0x08002685   Thumb Code     0  use_no_semi.o(.text)
    __use_no_semihosting_swi                 0x08002685   Thumb Code     2  use_no_semi.o(.text)
    __semihosting_library_function           0x08002687   Thumb Code     0  indicate_semi.o(.text)
    __user_setup_stackheap                   0x08002687   Thumb Code    74  sys_stackheap_outer.o(.text)
    exit                                     0x080026d1   Thumb Code    18  exit.o(.text)
    __sig_exit                               0x080026e3   Thumb Code    10  defsig_exit.o(.text)
    __rt_SIGRTMEM_inner                      0x080026ed   Thumb Code    22  defsig_rtmem_inner.o(.text)
    _sys_exit                                0x0800273d   Thumb Code     8  sys_exit.o(.text)
    __default_signal_display                 0x08002749   Thumb Code    50  defsig_general.o(.text)
    _ttywrch                                 0x0800277b   Thumb Code    14  sys_wrch.o(.text)
    _mutex_acquire                           0x08002789   Thumb Code    34  rtx_conf_cm.o(.text._mutex_acquire)
    _mutex_release                           0x080027ad   Thumb Code    30  rtx_conf_cm.o(.text._mutex_release)
    SVC_Count                                0x080027cc   Data           4  svc_table.o(SVC_TABLE)
    SVC_Table                                0x080027d0   Data           0  svc_table.o(SVC_TABLE)
    _init_box                                0x080027d1   Thumb Code    70  rt_membox.o(i._init_box)
    dbg_init                                 0x08002819   Thumb Code    34  hal_cm.o(i.dbg_init)
    dbg_task_notify                          0x08002849   Thumb Code    32  hal_cm.o(i.dbg_task_notify)
    dbg_task_switch                          0x08002869   Thumb Code    16  hal_cm.o(i.dbg_task_switch)
    isrMessageGet                            0x08002879   Thumb Code    42  rt_cmsis.o(i.isrMessageGet)
    isrMessagePut                            0x080028a3   Thumb Code    44  rt_cmsis.o(i.isrMessagePut)
    isrSignalSet                             0x080028cf   Thumb Code    36  rt_cmsis.o(i.isrSignalSet)
    isr_evt_set                              0x080028f5   Thumb Code    34  rt_event.o(i.isr_evt_set)
    isr_mbx_receive                          0x0800291d   Thumb Code    86  rt_mailbox.o(i.isr_mbx_receive)
    isr_mbx_send                             0x08002973   Thumb Code    14  rt_mailbox.o(i.isr_mbx_send)
    osDelay                                  0x08002981   Thumb Code    18  rt_cmsis.o(i.osDelay)
    osKernelInitialize                       0x08002999   Thumb Code    30  rt_cmsis.o(i.osKernelInitialize)
    osKernelStart                            0x080029bd   Thumb Code    98  rt_cmsis.o(i.osKernelStart)
    osMailGet                                0x08002a29   Thumb Code    22  rt_cmsis.o(i.osMailGet)
    osMessageGet                             0x08002a41   Thumb Code    18  rt_cmsis.o(i.osMessageGet)
    osMutexCreate                            0x08002a59   Thumb Code    36  rt_cmsis.o(i.osMutexCreate)
    osMutexRelease                           0x08002a85   Thumb Code    18  rt_cmsis.o(i.osMutexRelease)
    osMutexWait                              0x08002a9d   Thumb Code    18  rt_cmsis.o(i.osMutexWait)
    osSignalClear                            0x08002ab5   Thumb Code    20  rt_cmsis.o(i.osSignalClear)
    osSignalSet                              0x08002acd   Thumb Code    18  rt_cmsis.o(i.osSignalSet)
    osSignalWait                             0x08002ae5   Thumb Code    18  rt_cmsis.o(i.osSignalWait)
    osThreadCreate                           0x08002afd   Thumb Code    36  rt_cmsis.o(i.osThreadCreate)
    osThreadExit                             0x08002b29   Thumb Code    14  rt_cmsis.o(i.osThreadExit)
    osThreadGetId                            0x08002b41   Thumb Code    18  rt_cmsis.o(i.osThreadGetId)
    osTimerCall                              0x08002b59   Thumb Code     8  rt_cmsis.o(i.osTimerCall)
    osTimerThread                            0x08002b65   Thumb Code    38  rt_cmsis.o(i.osTimerThread)
    os_tick_init                             0x08002b91   Thumb Code    32  rt_system.o(i.os_tick_init)
    os_tick_irqack                           0x08002bb9   Thumb Code     2  rt_system.o(i.os_tick_irqack)
    rt_alloc_box                             0x08002bbb   Thumb Code    26  rt_membox.o(i.rt_alloc_box)
    rt_alloc_mem                             0x08002bd5   Thumb Code    62  rt_memory.o(i.rt_alloc_mem)
    rt_block                                 0x08002c15   Thumb Code    48  rt_task.o(i.rt_block)
    rt_chk_robin                             0x08002c4d   Thumb Code    60  rt_robin.o(i.rt_chk_robin)
    rt_dec_dly                               0x08002c95   Thumb Code   102  rt_list.o(i.rt_dec_dly)
    rt_dispatch                              0x08002d05   Thumb Code    60  rt_task.o(i.rt_dispatch)
    rt_dly_wait                              0x08002d49   Thumb Code     6  rt_time.o(i.rt_dly_wait)
    rt_evt_clr                               0x08002d51   Thumb Code    22  rt_event.o(i.rt_evt_clr)
    rt_evt_psh                               0x08002d6d   Thumb Code    76  rt_event.o(i.rt_evt_psh)
    rt_evt_set                               0x08002dbd   Thumb Code    88  rt_event.o(i.rt_evt_set)
    rt_evt_wait                              0x08002e19   Thumb Code    56  rt_event.o(i.rt_evt_wait)
    rt_free_box                              0x08002e55   Thumb Code    44  rt_membox.o(i.rt_free_box)
    rt_free_mem                              0x08002e81   Thumb Code    40  rt_memory.o(i.rt_free_mem)
    rt_get_first                             0x08002ea9   Thumb Code    40  rt_list.o(i.rt_get_first)
    rt_init_mem                              0x08002f21   Thumb Code    26  rt_memory.o(i.rt_init_mem)
    rt_init_robin                            0x08002f3d   Thumb Code    14  rt_robin.o(i.rt_init_robin)
    rt_init_stack                            0x08002f55   Thumb Code   118  hal_cm.o(i.rt_init_stack)
    rt_mbx_check                             0x08002fd5   Thumb Code     8  rt_mailbox.o(i.rt_mbx_check)
    rt_mbx_init                              0x08002fdd   Thumb Code    26  rt_mailbox.o(i.rt_mbx_init)
    rt_mbx_psh                               0x08002ff9   Thumb Code   236  rt_mailbox.o(i.rt_mbx_psh)
    rt_mbx_wait                              0x080030e9   Thumb Code   174  rt_mailbox.o(i.rt_mbx_wait)
    rt_mut_init                              0x080031e1   Thumb Code    16  rt_mutex.o(i.rt_mut_init)
    rt_mut_release                           0x080031f1   Thumb Code   208  rt_mutex.o(i.rt_mut_release)
    rt_mut_wait                              0x080032c9   Thumb Code   114  rt_mutex.o(i.rt_mut_wait)
    rt_pop_req                               0x08003341   Thumb Code   112  rt_system.o(i.rt_pop_req)
    rt_psh_req                               0x080033bd   Thumb Code    22  rt_system.o(i.rt_psh_req)
    rt_psq_enq                               0x080033dd   Thumb Code    88  rt_list.o(i.rt_psq_enq)
    rt_put_dly                               0x08003439   Thumb Code    68  rt_list.o(i.rt_put_dly)
    rt_put_prio                              0x08003481   Thumb Code    54  rt_list.o(i.rt_put_prio)
    rt_put_rdy_first                         0x080034b9   Thumb Code    14  rt_list.o(i.rt_put_rdy_first)
    rt_resort_prio                           0x080034cd   Thumb Code    46  rt_list.o(i.rt_resort_prio)
    rt_ret_val                               0x08003501   Thumb Code     6  hal_cm.o(i.rt_ret_val)
    rt_ret_val2                              0x08003507   Thumb Code     8  hal_cm.o(i.rt_ret_val2)
    rt_rmv_dly                               0x0800350f   Thumb Code    40  rt_list.o(i.rt_rmv_dly)
    rt_rmv_list                              0x08003539   Thumb Code    44  rt_list.o(i.rt_rmv_list)
    rt_sem_psh                               0x08003569   Thumb Code    48  rt_semaphore.o(i.rt_sem_psh)
    rt_stk_check                             0x0800359d   Thumb Code    28  rt_system.o(i.rt_stk_check)
    rt_switch_req                            0x080035c1   Thumb Code    30  rt_task.o(i.rt_switch_req)
    rt_sys_init                              0x080035e9   Thumb Code   138  rt_task.o(i.rt_sys_init)
    rt_sys_start                             0x080036b5   Thumb Code   110  rt_task.o(i.rt_sys_start)
    rt_systick                               0x0800372d   Thumb Code    50  rt_system.o(i.rt_systick)
    rt_tsk_create                            0x080037b5   Thumb Code   118  rt_task.o(i.rt_tsk_create)
    rt_tsk_delete                            0x0800383d   Thumb Code   352  rt_task.o(i.rt_tsk_delete)
    rt_tsk_prio                              0x080039b9   Thumb Code   108  rt_task.o(i.rt_tsk_prio)
    rt_tsk_self                              0x08003a35   Thumb Code    12  rt_task.o(i.rt_tsk_self)
    svcDelay                                 0x08003a45   Thumb Code    18  rt_cmsis.o(i.svcDelay)
    svcKernelInitialize                      0x08003a59   Thumb Code    80  rt_cmsis.o(i.svcKernelInitialize)
    svcKernelStart                           0x08003ac9   Thumb Code    62  rt_cmsis.o(i.svcKernelStart)
    svcMessageCreate                         0x08003b11   Thumb Code    36  rt_cmsis.o(i.svcMessageCreate)
    svcMessageGet                            0x08003b35   Thumb Code    58  rt_cmsis.o(i.svcMessageGet)
    svcMutexCreate                           0x08003b6f   Thumb Code    28  rt_cmsis.o(i.svcMutexCreate)
    svcMutexRelease                          0x08003b8b   Thumb Code    34  rt_cmsis.o(i.svcMutexRelease)
    svcMutexWait                             0x08003bad   Thumb Code    58  rt_cmsis.o(i.svcMutexWait)
    svcSignalClear                           0x08003be7   Thumb Code    36  rt_cmsis.o(i.svcSignalClear)
    svcSignalSet                             0x08003c0b   Thumb Code    36  rt_cmsis.o(i.svcSignalSet)
    svcSignalWait                            0x08003c31   Thumb Code    80  rt_cmsis.o(i.svcSignalWait)
    svcThreadCreate                          0x08003c85   Thumb Code    96  rt_cmsis.o(i.svcThreadCreate)
    svcThreadGetId                           0x08003cf1   Thumb Code    22  rt_cmsis.o(i.svcThreadGetId)
    svcThreadTerminate                       0x08003d0d   Thumb Code    50  rt_cmsis.o(i.svcThreadTerminate)
    svcTimerCall                             0x08003d45   Thumb Code    24  rt_cmsis.o(i.svcTimerCall)
    sysTimerTick                             0x08003d5d   Thumb Code    84  rt_cmsis.o(i.sysTimerTick)
    A                                        0x08003ea4   Data           8  lcd.o(.rodata.A)
    AHBPrescTable                            0x08003eac   Data          16  system_stm32f10x.o(.rodata.AHBPrescTable)
    B                                        0x08003ebc   Data           8  lcd.o(.rodata.B)
    C                                        0x08003ec4   Data           8  lcd.o(.rodata.C)
    CMSIS_RTOS_API_Version                   0x08003ecc   Data           4  rtx_conf_cm.o(.rodata.CMSIS_RTOS_API_Version)
    CMSIS_RTOS_RTX_Version                   0x08003ed0   Data           4  rtx_conf_cm.o(.rodata.CMSIS_RTOS_RTX_Version)
    D                                        0x08003ed4   Data           8  lcd.o(.rodata.D)
    E                                        0x08003edc   Data           8  lcd.o(.rodata.E)
    F                                        0x08003ee4   Data           8  lcd.o(.rodata.F)
    G                                        0x08003eec   Data           8  lcd.o(.rodata.G)
    J                                        0x08003ef4   Data           8  lcd.o(.rodata.J)
    K                                        0x08003efc   Data           8  lcd.o(.rodata.K)
    L                                        0x08003f04   Data           8  lcd.o(.rodata.L)
    P                                        0x08003f0c   Data           8  lcd.o(.rodata.P)
    Q                                        0x08003f14   Data           8  lcd.o(.rodata.Q)
    R                                        0x08003f1c   Data           8  lcd.o(.rodata.R)
    T                                        0x08003f24   Data           8  lcd.o(.rodata.T)
    U                                        0x08003f2c   Data           8  lcd.o(.rodata.U)
    V                                        0x08003f34   Data           8  lcd.o(.rodata.V)
    W                                        0x08003f3c   Data           8  lcd.o(.rodata.W)
    Y                                        0x08003f44   Data           8  lcd.o(.rodata.Y)
    Z                                        0x08003f4c   Data           8  lcd.o(.rodata.Z)
    a                                        0x08003f54   Data           8  lcd.o(.rodata.a)
    c                                        0x08003f5c   Data           8  lcd.o(.rodata.c)
    cinco                                    0x08003f64   Data           8  lcd.o(.rodata.cinco)
    d                                        0x08003f6c   Data           8  lcd.o(.rodata.d)
    dois                                     0x08003f74   Data           8  lcd.o(.rodata.dois)
    e                                        0x08003f7c   Data           8  lcd.o(.rodata.e)
    ecomercial                               0x08003f84   Data           8  lcd.o(.rodata.ecomercial)
    exclamacao                               0x08003f8c   Data           8  lcd.o(.rodata.exclamacao)
    f                                        0x08003f94   Data           8  lcd.o(.rodata.f)
    g                                        0x08003f9c   Data           8  lcd.o(.rodata.g)
    h                                        0x08003fa4   Data           8  lcd.o(.rodata.h)
    interrogacao                             0x08003fac   Data           8  lcd.o(.rodata.interrogacao)
    j                                        0x08003fb4   Data           8  lcd.o(.rodata.j)
    k                                        0x08003fbc   Data           8  lcd.o(.rodata.k)
    mp_stk_size                              0x08003fc4   Data           4  rtx_conf_cm.o(.rodata.mp_stk_size)
    mp_tcb_size                              0x08003fc8   Data           2  rtx_conf_cm.o(.rodata.mp_tcb_size)
    mp_tmr_size                              0x08003fca   Data           2  rtx_conf_cm.o(.rodata.mp_tmr_size)
    n                                        0x08003fcc   Data           8  lcd.o(.rodata.n)
    os_clockrate                             0x08003fd4   Data           4  rtx_conf_cm.o(.rodata.os_clockrate)
    os_fifo_size                             0x08003fd8   Data           1  rtx_conf_cm.o(.rodata.os_fifo_size)
    os_flags                                 0x08003fd9   Data           1  rtx_conf_cm.o(.rodata.os_flags)
    os_maxtaskrun                            0x08003fda   Data           2  rtx_conf_cm.o(.rodata.os_maxtaskrun)
    os_messageQ_def_osTimerMessageQ          0x08003fdc   Data           8  rtx_conf_cm.o(.rodata.os_messageQ_def_osTimerMessageQ)
    os_mutex_def_lcd_mutex_def               0x08003fe4   Data           4  main.o(.rodata.os_mutex_def_lcd_mutex_def)
    os_mutex_def_sw_mutex_def                0x08003fe8   Data           4  main.o(.rodata.os_mutex_def_sw_mutex_def)
    os_rrobin                                0x08003fec   Data           4  rtx_conf_cm.o(.rodata.os_rrobin)
    os_stack_sz                              0x08003ff0   Data           4  rtx_conf_cm.o(.rodata.os_stack_sz)
    os_stackinfo                             0x08003ff4   Data           4  rtx_conf_cm.o(.rodata.os_stackinfo)
    os_thread_def_LCD_Load                   0x08003ff8   Data          16  main.o(.rodata.os_thread_def_LCD_Load)
    os_thread_def_PotLedVelCtrl              0x08004008   Data          16  main.o(.rodata.os_thread_def_PotLedVelCtrl)
    os_thread_def__Func_05_SW_Read           0x08004018   Data          16  main.o(.rodata.os_thread_def__Func_05_SW_Read)
    os_thread_def__Func_06_SW_Read           0x08004028   Data          16  main.o(.rodata.os_thread_def__Func_06_SW_Read)
    os_thread_def__LEDs_Mode_01              0x08004038   Data          16  main.o(.rodata.os_thread_def__LEDs_Mode_01)
    os_thread_def__LEDs_Mode_02              0x08004048   Data          16  main.o(.rodata.os_thread_def__LEDs_Mode_02)
    os_thread_def__LEDs_Mode_03              0x08004058   Data          16  main.o(.rodata.os_thread_def__LEDs_Mode_03)
    os_thread_def__LEDs_Mode_04              0x08004068   Data          16  main.o(.rodata.os_thread_def__LEDs_Mode_04)
    os_thread_def_main                       0x08004078   Data          16  rtx_conf_cm.o(.rodata.os_thread_def_main)
    os_thread_def_osTimerThread              0x08004088   Data          16  rtx_conf_cm.o(.rodata.os_thread_def_osTimerThread)
    os_timernum                              0x08004098   Data           4  rtx_conf_cm.o(.rodata.os_timernum)
    os_trv                                   0x0800409c   Data           4  rtx_conf_cm.o(.rodata.os_trv)
    p                                        0x080040a0   Data           8  lcd.o(.rodata.p)
    ponto                                    0x080040a8   Data           8  lcd.o(.rodata.ponto)
    pontoevirgula                            0x080040b0   Data           8  lcd.o(.rodata.pontoevirgula)
    potencia                                 0x080040b8   Data           8  lcd.o(.rodata.potencia)
    pseudoi                                  0x080040c0   Data           8  lcd.o(.rodata.pseudoi)
    quatro                                   0x080040c8   Data           8  lcd.o(.rodata.quatro)
    r                                        0x080040d0   Data           8  lcd.o(.rodata.r)
    s                                        0x080040d8   Data           8  lcd.o(.rodata.s)
    sete                                     0x080040e0   Data           8  lcd.o(.rodata.sete)
    t                                        0x0800413f   Data           8  lcd.o(.rodata.t)
    tres                                     0x08004147   Data           8  lcd.o(.rodata.tres)
    u                                        0x0800414f   Data           8  lcd.o(.rodata.u)
    um                                       0x08004157   Data           8  lcd.o(.rodata.um)
    under                                    0x0800415f   Data           8  lcd.o(.rodata.under)
    v                                        0x08004167   Data           8  lcd.o(.rodata.v)
    virgula                                  0x0800416f   Data           8  lcd.o(.rodata.virgula)
    y                                        0x08004177   Data           8  lcd.o(.rodata.y)
    z                                        0x0800417f   Data           8  lcd.o(.rodata.z)
    Region$$Table$$Base                      0x08004188   Number         0  anon$$obj.o(Region$$Table)
    Region$$Table$$Limit                     0x080041a8   Number         0  anon$$obj.o(Region$$Table)
    __ARM_use_no_argv                        0x20000000   Data           4  main.o(.ARM.use_no_argv)
    os_initialized                           0x20000004   Data           1  rt_cmsis.o(.data)
    os_running                               0x20000005   Data           1  rt_cmsis.o(.data)
    os_timer_head                            0x20000008   Data           4  rt_cmsis.o(.data)
    os_tsk                                   0x2000000c   Data           8  rt_task.o(.data)
    os_tick_irqn                             0x20000018   Data           4  rt_system.o(.data)
    os_time                                  0x2000001c   Data           4  rt_time.o(.data)
    os_robin                                 0x20000020   Data           8  rt_robin.o(.data)
    dbg_msg                                  0x20000028   Data           1  hal_cm.o(.data)
    SystemCoreClock                          0x2000002c   Data           4  system_stm32f10x.o(.data.SystemCoreClock)
    _LedsTime_default                        0x20000030   Data           4  main.o(.data._LedsTime_default)
    os_idle_TCB                              0x20000038   Data          52  rt_task.o(.bss)
    os_rdy                                   0x2000006c   Data          24  rt_list.o(.bss)
    os_dly                                   0x20000084   Data          24  rt_list.o(.bss)
    __libspace_start                         0x2000009c   Data          96  libspace.o(.bss)
    LCD_Load_ID                              0x200000fc   Data           4  main.o(.bss.LCD_Load_ID)
    __temporary_stack_top$libspace           0x200000fc   Data           0  libspace.o(.bss)
    PotLedVelCtrl_ID                         0x20000100   Data           4  main.o(.bss.PotLedVelCtrl_ID)
    _Func_05_SW_Read_ID                      0x20000104   Data           4  main.o(.bss._Func_05_SW_Read_ID)
    _Func_06_SW_Read_ID                      0x20000108   Data           4  main.o(.bss._Func_06_SW_Read_ID)
    _LEDs_Mode_01_ID                         0x2000010c   Data           4  main.o(.bss._LEDs_Mode_01_ID)
    _LEDs_Mode_02_ID                         0x20000110   Data           4  main.o(.bss._LEDs_Mode_02_ID)
    _LEDs_Mode_03_ID                         0x20000114   Data           4  main.o(.bss._LEDs_Mode_03_ID)
    _LEDs_Mode_04_ID                         0x20000118   Data           4  main.o(.bss._LEDs_Mode_04_ID)
    _LedsTime                                0x2000011c   Data           4  main.o(.bss._LedsTime)
    cnt                                      0x20000120   Data           4  lcd.o(.bss.cnt)
    constCommand                             0x20000124   Data           1  lcd.o(.bss.constCommand)
    head                                     0x20000128   Data           4  lcd.o(.bss.head)
    index                                    0x2000012c   Data           1  lcd.o(.bss.index)
    lcd_mutex                                0x20000130   Data           4  main.o(.bss.lcd_mutex)
    m_tmr                                    0x20000134   Data           4  rtx_conf_cm.o(.bss.m_tmr)
    mode                                     0x20000138   Data           1  main.o(.bss.mode)
    mp_stk                                   0x20000140   Data        2016  rtx_conf_cm.o(.bss.mp_stk)
    mp_tcb                                   0x20000920   Data         584  rtx_conf_cm.o(.bss.mp_tcb)
    nots                                     0x20000b68   Data           1  main.o(.bss.nots)
    osMessageQId_osTimerMessageQ             0x20000b70   Data           4  rtx_conf_cm.o(.bss.osMessageQId_osTimerMessageQ)
    osThreadId_osTimerThread                 0x20000b74   Data           4  rtx_conf_cm.o(.bss.osThreadId_osTimerThread)
    os_active_TCB                            0x20000b78   Data          44  rtx_conf_cm.o(.bss.os_active_TCB)
    os_fifo                                  0x20000ba4   Data         132  rtx_conf_cm.o(.bss.os_fifo)
    os_messageQ_q_osTimerMessageQ            0x20000c28   Data          32  rtx_conf_cm.o(.bss.os_messageQ_q_osTimerMessageQ)
    os_mutex_cb_lcd_mutex_def                0x20000c48   Data          16  main.o(.bss.os_mutex_cb_lcd_mutex_def)
    os_mutex_cb_sw_mutex_def                 0x20000c58   Data          16  main.o(.bss.os_mutex_cb_sw_mutex_def)
    os_stack_mem                             0x20000c68   Data         432  rtx_conf_cm.o(.bss.os_stack_mem)
    position                                 0x20000e18   Data           1  lcd.o(.bss.position)
    sw_mutex                                 0x200012bc   Data           4  main.o(.bss.sw_mutex)



==============================================================================

Memory Map of the image

  Image Entry point : 0x080000ed

  Load Region LR_IROM1 (Base: 0x08000000, Size: 0x000041e0, Max: 0x00010000, ABSOLUTE)

    Execution Region ER_IROM1 (Exec base: 0x08000000, Load base: 0x08000000, Size: 0x000041a8, Max: 0x00010000, ABSOLUTE)

    Exec Addr    Load Addr    Size         Type   Attr      Idx    E Section Name        Object

    0x08000000   0x08000000   0x000000ec   Data   RO          176    RESET               startup_stm32f10x_md.o
    0x080000ec   0x080000ec   0x00000008   Code   RO         1476  * !!!main             c_w.l(__main.o)
    0x080000f4   0x080000f4   0x0000005c   Code   RO         1691    !!!scatter          c_w.l(__scatter.o)
    0x08000150   0x08000150   0x0000001a   Code   RO         1695    !!handler_copy      c_w.l(__scatter_copy.o)
    0x0800016a   0x0800016a   0x00000002   PAD
    0x0800016c   0x0800016c   0x00000002   Code   RO         1692    !!handler_null      c_w.l(__scatter.o)
    0x0800016e   0x0800016e   0x00000002   PAD
    0x08000170   0x08000170   0x0000001c   Code   RO         1697    !!handler_zi        c_w.l(__scatter_zi.o)
    0x0800018c   0x0800018c   0x00000002   Code   RO         1626    .ARM.Collect$$libinit$$00000000  c_w.l(libinit.o)
    0x0800018e   0x0800018e   0x00000000   Code   RO         1513    .ARM.Collect$$libinit$$00000002  c_w.l(libinit2.o)
    0x0800018e   0x0800018e   0x00000000   Code   RO         1515    .ARM.Collect$$libinit$$00000004  c_w.l(libinit2.o)
    0x0800018e   0x0800018e   0x00000000   Code   RO         1517    .ARM.Collect$$libinit$$00000006  c_w.l(libinit2.o)
    0x0800018e   0x0800018e   0x00000008   Code   RO         1518    .ARM.Collect$$libinit$$00000007  c_w.l(libinit2.o)
    0x08000196   0x08000196   0x00000000   Code   RO         1520    .ARM.Collect$$libinit$$0000000C  c_w.l(libinit2.o)
    0x08000196   0x08000196   0x00000000   Code   RO         1522    .ARM.Collect$$libinit$$0000000E  c_w.l(libinit2.o)
    0x08000196   0x08000196   0x00000000   Code   RO         1524    .ARM.Collect$$libinit$$00000010  c_w.l(libinit2.o)
    0x08000196   0x08000196   0x00000000   Code   RO         1527    .ARM.Collect$$libinit$$00000013  c_w.l(libinit2.o)
    0x08000196   0x08000196   0x00000000   Code   RO         1529    .ARM.Collect$$libinit$$00000015  c_w.l(libinit2.o)
    0x08000196   0x08000196   0x00000000   Code   RO         1531    .ARM.Collect$$libinit$$00000017  c_w.l(libinit2.o)
    0x08000196   0x08000196   0x00000000   Code   RO         1533    .ARM.Collect$$libinit$$00000019  c_w.l(libinit2.o)
    0x08000196   0x08000196   0x00000000   Code   RO         1535    .ARM.Collect$$libinit$$0000001B  c_w.l(libinit2.o)
    0x08000196   0x08000196   0x00000000   Code   RO         1537    .ARM.Collect$$libinit$$0000001D  c_w.l(libinit2.o)
    0x08000196   0x08000196   0x00000000   Code   RO         1539    .ARM.Collect$$libinit$$0000001F  c_w.l(libinit2.o)
    0x08000196   0x08000196   0x00000000   Code   RO         1541    .ARM.Collect$$libinit$$00000021  c_w.l(libinit2.o)
    0x08000196   0x08000196   0x00000000   Code   RO         1543    .ARM.Collect$$libinit$$00000023  c_w.l(libinit2.o)
    0x08000196   0x08000196   0x00000000   Code   RO         1545    .ARM.Collect$$libinit$$00000025  c_w.l(libinit2.o)
    0x08000196   0x08000196   0x00000000   Code   RO         1547    .ARM.Collect$$libinit$$00000027  c_w.l(libinit2.o)
    0x08000196   0x08000196   0x00000000   Code   RO         1551    .ARM.Collect$$libinit$$0000002E  c_w.l(libinit2.o)
    0x08000196   0x08000196   0x00000000   Code   RO         1553    .ARM.Collect$$libinit$$00000030  c_w.l(libinit2.o)
    0x08000196   0x08000196   0x00000000   Code   RO         1555    .ARM.Collect$$libinit$$00000032  c_w.l(libinit2.o)
    0x08000196   0x08000196   0x00000000   Code   RO         1557    .ARM.Collect$$libinit$$00000034  c_w.l(libinit2.o)
    0x08000196   0x08000196   0x00000002   Code   RO         1558    .ARM.Collect$$libinit$$00000035  c_w.l(libinit2.o)
    0x08000198   0x08000198   0x00000002   Code   RO         1688    .ARM.Collect$$libshutdown$$00000000  c_w.l(libshutdown.o)
    0x0800019a   0x0800019a   0x00000000   Code   RO         1644    .ARM.Collect$$libshutdown$$00000002  c_w.l(libshutdown2.o)
    0x0800019a   0x0800019a   0x00000000   Code   RO         1646    .ARM.Collect$$libshutdown$$00000004  c_w.l(libshutdown2.o)
    0x0800019a   0x0800019a   0x00000000   Code   RO         1649    .ARM.Collect$$libshutdown$$00000007  c_w.l(libshutdown2.o)
    0x0800019a   0x0800019a   0x00000000   Code   RO         1652    .ARM.Collect$$libshutdown$$0000000A  c_w.l(libshutdown2.o)
    0x0800019a   0x0800019a   0x00000000   Code   RO         1654    .ARM.Collect$$libshutdown$$0000000C  c_w.l(libshutdown2.o)
    0x0800019a   0x0800019a   0x00000000   Code   RO         1657    .ARM.Collect$$libshutdown$$0000000F  c_w.l(libshutdown2.o)
    0x0800019a   0x0800019a   0x00000002   Code   RO         1658    .ARM.Collect$$libshutdown$$00000010  c_w.l(libshutdown2.o)
    0x0800019c   0x0800019c   0x00000000   Code   RO         1478    .ARM.Collect$$rtentry$$00000000  c_w.l(__rtentry.o)
    0x0800019c   0x0800019c   0x00000000   Code   RO         1564    .ARM.Collect$$rtentry$$00000002  c_w.l(__rtentry2.o)
    0x0800019c   0x0800019c   0x00000006   Code   RO         1576    .ARM.Collect$$rtentry$$00000004  c_w.l(__rtentry4.o)
    0x080001a2   0x080001a2   0x00000000   Code   RO         1566    .ARM.Collect$$rtentry$$00000009  c_w.l(__rtentry2.o)
    0x080001a2   0x080001a2   0x00000004   Code   RO         1567    .ARM.Collect$$rtentry$$0000000A  c_w.l(__rtentry2.o)
    0x080001a6   0x080001a6   0x00000008   Code   RO         1568    .ARM.Collect$$rtentry$$0000000B  c_w.l(__rtentry2.o)
    0x080001ae   0x080001ae   0x00000008   Code   RO         1570    .ARM.Collect$$rtentry$$0000000D  c_w.l(__rtentry2.o)
    0x080001b6   0x080001b6   0x00000002   Code   RO         1631    .ARM.Collect$$rtexit$$00000000  c_w.l(rtexit.o)
    0x080001b8   0x080001b8   0x00000000   Code   RO         1664    .ARM.Collect$$rtexit$$00000002  c_w.l(rtexit2.o)
    0x080001b8   0x080001b8   0x00000004   Code   RO         1665    .ARM.Collect$$rtexit$$00000003  c_w.l(rtexit2.o)
    0x080001bc   0x080001bc   0x00000006   Code   RO         1666    .ARM.Collect$$rtexit$$00000004  c_w.l(rtexit2.o)
    0x080001c2   0x080001c2   0x00000002   PAD
    0x080001c4   0x080001c4   0x00000130   Code   RO         1392    .emb_text           RTX_CM3.lib(hal_cm3.o)
    0x080002f4   0x080002f4   0x00000ea8   Code   RO            1    .text               main.o
    0x0800119c   0x0800119c   0x00000fb8   Code   RO           43    .text               lcd.o
    0x08002154   0x08002154   0x0000007e   Code   RO          111    .text               datastructlist.o
    0x080021d2   0x080021d2   0x00000002   PAD
    0x080021d4   0x080021d4   0x000000ce   Code   RO          119    .text               rtx_conf_cm.o
    0x080022a2   0x080022a2   0x00000002   PAD
    0x080022a4   0x080022a4   0x00000040   Code   RO          177    .text               startup_stm32f10x_md.o
    0x080022e4   0x080022e4   0x0000016a   Code   RO          183    .text               system_stm32f10x.o
    0x0800244e   0x0800244e   0x00000002   PAD
    0x08002450   0x08002450   0x00000008   Code   RO         1407    .text               c_w.l(libspace.o)
    0x08002458   0x08002458   0x000000a6   Code   RO         1418    .text               c_w.l(h1_alloc_threads.o)
    0x080024fe   0x080024fe   0x00000076   Code   RO         1420    .text               c_w.l(h1_free_threads.o)
    0x08002574   0x08002574   0x00000006   Code   RO         1474    .text               c_w.l(heapauxi.o)
    0x0800257a   0x0800257a   0x0000000a   Code   RO         1488    .text               c_w.l(rt_heap_descriptor_twolibspace.o)
    0x08002584   0x08002584   0x00000004   Code   RO         1490    .text               c_w.l(hguard.o)
    0x08002588   0x08002588   0x0000008a   Code   RO         1492    .text               c_w.l(init_alloc.o)
    0x08002612   0x08002612   0x00000012   Code   RO         1498    .text               c_w.l(h1_init_threads.o)
    0x08002624   0x08002624   0x00000000   Code   RO         1582    .text               c_w.l(maybetermalloc1.o)
    0x08002624   0x08002624   0x00000052   Code   RO         1586    .text               c_w.l(h1_extend_threads.o)
    0x08002676   0x08002676   0x0000000e   Code   RO         1588    .text               c_w.l(defsig_rtmem_outer.o)
    0x08002684   0x08002684   0x00000002   Code   RO         1599    .text               c_w.l(use_no_semi.o)
    0x08002686   0x08002686   0x00000000   Code   RO         1601    .text               c_w.l(indicate_semi.o)
    0x08002686   0x08002686   0x0000004a   Code   RO         1602    .text               c_w.l(sys_stackheap_outer.o)
    0x080026d0   0x080026d0   0x00000012   Code   RO         1608    .text               c_w.l(exit.o)
    0x080026e2   0x080026e2   0x0000000a   Code   RO         1610    .text               c_w.l(defsig_exit.o)
    0x080026ec   0x080026ec   0x00000050   Code   RO         1616    .text               c_w.l(defsig_rtmem_inner.o)
    0x0800273c   0x0800273c   0x0000000c   Code   RO         1627    .text               c_w.l(sys_exit.o)
    0x08002748   0x08002748   0x00000032   Code   RO         1639    .text               c_w.l(defsig_general.o)
    0x0800277a   0x0800277a   0x0000000e   Code   RO         1659    .text               c_w.l(sys_wrch.o)
    0x08002788   0x08002788   0x00000022   Code   RO          121    .text._mutex_acquire  rtx_conf_cm.o
    0x080027aa   0x080027aa   0x00000002   PAD
    0x080027ac   0x080027ac   0x0000001e   Code   RO          123    .text._mutex_release  rtx_conf_cm.o
    0x080027ca   0x080027ca   0x00000002   PAD
    0x080027cc   0x080027cc   0x00000004   Code   RO         1402    SVC_TABLE           RTX_CM3.lib(svc_table.o)
    0x080027d0   0x080027d0   0x00000046   Code   RO         1291    i._init_box         RTX_CM3.lib(rt_membox.o)
    0x08002816   0x08002816   0x00000002   PAD
    0x08002818   0x08002818   0x00000030   Code   RO         1344    i.dbg_init          RTX_CM3.lib(hal_cm.o)
    0x08002848   0x08002848   0x00000020   Code   RO         1345    i.dbg_task_notify   RTX_CM3.lib(hal_cm.o)
    0x08002868   0x08002868   0x00000010   Code   RO         1346    i.dbg_task_switch   RTX_CM3.lib(hal_cm.o)
    0x08002878   0x08002878   0x0000002a   Code   RO          196    i.isrMessageGet     RTX_CM3.lib(rt_cmsis.o)
    0x080028a2   0x080028a2   0x0000002c   Code   RO          197    i.isrMessagePut     RTX_CM3.lib(rt_cmsis.o)
    0x080028ce   0x080028ce   0x00000024   Code   RO          199    i.isrSignalSet      RTX_CM3.lib(rt_cmsis.o)
    0x080028f2   0x080028f2   0x00000002   PAD
    0x080028f4   0x080028f4   0x00000028   Code   RO         1028    i.isr_evt_set       RTX_CM3.lib(rt_event.o)
    0x0800291c   0x0800291c   0x00000056   Code   RO         1146    i.isr_mbx_receive   RTX_CM3.lib(rt_mailbox.o)
    0x08002972   0x08002972   0x0000000e   Code   RO         1147    i.isr_mbx_send      RTX_CM3.lib(rt_mailbox.o)
    0x08002980   0x08002980   0x00000018   Code   RO          200    i.osDelay           RTX_CM3.lib(rt_cmsis.o)
    0x08002998   0x08002998   0x00000024   Code   RO          201    i.osKernelInitialize  RTX_CM3.lib(rt_cmsis.o)
    0x080029bc   0x080029bc   0x0000006c   Code   RO          203    i.osKernelStart     RTX_CM3.lib(rt_cmsis.o)
    0x08002a28   0x08002a28   0x00000016   Code   RO          209    i.osMailGet         RTX_CM3.lib(rt_cmsis.o)
    0x08002a3e   0x08002a3e   0x00000002   PAD
    0x08002a40   0x08002a40   0x00000018   Code   RO          212    i.osMessageGet      RTX_CM3.lib(rt_cmsis.o)
    0x08002a58   0x08002a58   0x0000002c   Code   RO          214    i.osMutexCreate     RTX_CM3.lib(rt_cmsis.o)
    0x08002a84   0x08002a84   0x00000018   Code   RO          216    i.osMutexRelease    RTX_CM3.lib(rt_cmsis.o)
    0x08002a9c   0x08002a9c   0x00000018   Code   RO          217    i.osMutexWait       RTX_CM3.lib(rt_cmsis.o)
    0x08002ab4   0x08002ab4   0x00000018   Code   RO          226    i.osSignalClear     RTX_CM3.lib(rt_cmsis.o)
    0x08002acc   0x08002acc   0x00000018   Code   RO          227    i.osSignalSet       RTX_CM3.lib(rt_cmsis.o)
    0x08002ae4   0x08002ae4   0x00000018   Code   RO          228    i.osSignalWait      RTX_CM3.lib(rt_cmsis.o)
    0x08002afc   0x08002afc   0x0000002c   Code   RO          229    i.osThreadCreate    RTX_CM3.lib(rt_cmsis.o)
    0x08002b28   0x08002b28   0x00000018   Code   RO          230    i.osThreadExit      RTX_CM3.lib(rt_cmsis.o)
    0x08002b40   0x08002b40   0x00000018   Code   RO          231    i.osThreadGetId     RTX_CM3.lib(rt_cmsis.o)
    0x08002b58   0x08002b58   0x0000000c   Code   RO          236    i.osTimerCall       RTX_CM3.lib(rt_cmsis.o)
    0x08002b64   0x08002b64   0x0000002c   Code   RO          241    i.osTimerThread     RTX_CM3.lib(rt_cmsis.o)
    0x08002b90   0x08002b90   0x00000028   Code   RO          938    i.os_tick_init      RTX_CM3.lib(rt_system.o)
    0x08002bb8   0x08002bb8   0x00000002   Code   RO          939    i.os_tick_irqack    RTX_CM3.lib(rt_system.o)
    0x08002bba   0x08002bba   0x0000001a   Code   RO         1292    i.rt_alloc_box      RTX_CM3.lib(rt_membox.o)
    0x08002bd4   0x08002bd4   0x0000003e   Code   RO         1320    i.rt_alloc_mem      RTX_CM3.lib(rt_memory.o)
    0x08002c12   0x08002c12   0x00000002   PAD
    0x08002c14   0x08002c14   0x00000038   Code   RO          819    i.rt_block          RTX_CM3.lib(rt_task.o)
    0x08002c4c   0x08002c4c   0x00000048   Code   RO         1269    i.rt_chk_robin      RTX_CM3.lib(rt_robin.o)
    0x08002c94   0x08002c94   0x00000070   Code   RO         1070    i.rt_dec_dly        RTX_CM3.lib(rt_list.o)
    0x08002d04   0x08002d04   0x00000044   Code   RO          820    i.rt_dispatch       RTX_CM3.lib(rt_task.o)
    0x08002d48   0x08002d48   0x00000006   Code   RO         1236    i.rt_dly_wait       RTX_CM3.lib(rt_time.o)
    0x08002d4e   0x08002d4e   0x00000002   PAD
    0x08002d50   0x08002d50   0x0000001c   Code   RO         1029    i.rt_evt_clr        RTX_CM3.lib(rt_event.o)
    0x08002d6c   0x08002d6c   0x00000050   Code   RO         1031    i.rt_evt_psh        RTX_CM3.lib(rt_event.o)
    0x08002dbc   0x08002dbc   0x0000005c   Code   RO         1032    i.rt_evt_set        RTX_CM3.lib(rt_event.o)
    0x08002e18   0x08002e18   0x0000003c   Code   RO         1033    i.rt_evt_wait       RTX_CM3.lib(rt_event.o)
    0x08002e54   0x08002e54   0x0000002c   Code   RO         1293    i.rt_free_box       RTX_CM3.lib(rt_membox.o)
    0x08002e80   0x08002e80   0x00000028   Code   RO         1321    i.rt_free_mem       RTX_CM3.lib(rt_memory.o)
    0x08002ea8   0x08002ea8   0x00000028   Code   RO         1071    i.rt_get_first      RTX_CM3.lib(rt_list.o)
    0x08002ed0   0x08002ed0   0x00000008   Code   RO          246    i.rt_id2obj         RTX_CM3.lib(rt_cmsis.o)
    0x08002ed8   0x08002ed8   0x00000048   Code   RO          821    i.rt_init_context   RTX_CM3.lib(rt_task.o)
    0x08002f20   0x08002f20   0x0000001a   Code   RO         1322    i.rt_init_mem       RTX_CM3.lib(rt_memory.o)
    0x08002f3a   0x08002f3a   0x00000002   PAD
    0x08002f3c   0x08002f3c   0x00000018   Code   RO         1270    i.rt_init_robin     RTX_CM3.lib(rt_robin.o)
    0x08002f54   0x08002f54   0x00000080   Code   RO         1347    i.rt_init_stack     RTX_CM3.lib(hal_cm.o)
    0x08002fd4   0x08002fd4   0x00000008   Code   RO         1148    i.rt_mbx_check      RTX_CM3.lib(rt_mailbox.o)
    0x08002fdc   0x08002fdc   0x0000001a   Code   RO         1149    i.rt_mbx_init       RTX_CM3.lib(rt_mailbox.o)
    0x08002ff6   0x08002ff6   0x00000002   PAD
    0x08002ff8   0x08002ff8   0x000000f0   Code   RO         1150    i.rt_mbx_psh        RTX_CM3.lib(rt_mailbox.o)
    0x080030e8   0x080030e8   0x000000b4   Code   RO         1152    i.rt_mbx_wait       RTX_CM3.lib(rt_mailbox.o)
    0x0800319c   0x0800319c   0x00000044   Code   RO          247    i.rt_ms2tick        RTX_CM3.lib(rt_cmsis.o)
    0x080031e0   0x080031e0   0x00000010   Code   RO          904    i.rt_mut_init       RTX_CM3.lib(rt_mutex.o)
    0x080031f0   0x080031f0   0x000000d8   Code   RO          905    i.rt_mut_release    RTX_CM3.lib(rt_mutex.o)
    0x080032c8   0x080032c8   0x00000078   Code   RO          906    i.rt_mut_wait       RTX_CM3.lib(rt_mutex.o)
    0x08003340   0x08003340   0x0000007c   Code   RO          942    i.rt_pop_req        RTX_CM3.lib(rt_system.o)
    0x080033bc   0x080033bc   0x00000020   Code   RO          943    i.rt_psh_req        RTX_CM3.lib(rt_system.o)
    0x080033dc   0x080033dc   0x0000005c   Code   RO         1073    i.rt_psq_enq        RTX_CM3.lib(rt_list.o)
    0x08003438   0x08003438   0x00000048   Code   RO         1074    i.rt_put_dly        RTX_CM3.lib(rt_list.o)
    0x08003480   0x08003480   0x00000036   Code   RO         1075    i.rt_put_prio       RTX_CM3.lib(rt_list.o)
    0x080034b6   0x080034b6   0x00000002   PAD
    0x080034b8   0x080034b8   0x00000014   Code   RO         1076    i.rt_put_rdy_first  RTX_CM3.lib(rt_list.o)
    0x080034cc   0x080034cc   0x00000034   Code   RO         1077    i.rt_resort_prio    RTX_CM3.lib(rt_list.o)
    0x08003500   0x08003500   0x00000006   Code   RO         1348    i.rt_ret_val        RTX_CM3.lib(hal_cm.o)
    0x08003506   0x08003506   0x00000008   Code   RO         1349    i.rt_ret_val2       RTX_CM3.lib(hal_cm.o)
    0x0800350e   0x0800350e   0x00000028   Code   RO         1078    i.rt_rmv_dly        RTX_CM3.lib(rt_list.o)
    0x08003536   0x08003536   0x00000002   PAD
    0x08003538   0x08003538   0x00000030   Code   RO         1079    i.rt_rmv_list       RTX_CM3.lib(rt_list.o)
    0x08003568   0x08003568   0x00000034   Code   RO         1197    i.rt_sem_psh        RTX_CM3.lib(rt_semaphore.o)
    0x0800359c   0x0800359c   0x00000024   Code   RO          945    i.rt_stk_check      RTX_CM3.lib(rt_system.o)
    0x080035c0   0x080035c0   0x00000028   Code   RO          822    i.rt_switch_req     RTX_CM3.lib(rt_task.o)
    0x080035e8   0x080035e8   0x000000cc   Code   RO          823    i.rt_sys_init       RTX_CM3.lib(rt_task.o)
    0x080036b4   0x080036b4   0x00000078   Code   RO          824    i.rt_sys_start      RTX_CM3.lib(rt_task.o)
    0x0800372c   0x0800372c   0x00000040   Code   RO          947    i.rt_systick        RTX_CM3.lib(rt_system.o)
    0x0800376c   0x0800376c   0x00000012   Code   RO          248    i.rt_tid2ptcb       RTX_CM3.lib(rt_cmsis.o)
    0x0800377e   0x0800377e   0x00000002   PAD
    0x08003780   0x08003780   0x00000034   Code   RO          249    i.rt_timer_insert   RTX_CM3.lib(rt_cmsis.o)
    0x080037b4   0x080037b4   0x00000088   Code   RO          825    i.rt_tsk_create     RTX_CM3.lib(rt_task.o)
    0x0800383c   0x0800383c   0x0000017c   Code   RO          826    i.rt_tsk_delete     RTX_CM3.lib(rt_task.o)
    0x080039b8   0x080039b8   0x0000007c   Code   RO          828    i.rt_tsk_prio       RTX_CM3.lib(rt_task.o)
    0x08003a34   0x08003a34   0x00000010   Code   RO          829    i.rt_tsk_self       RTX_CM3.lib(rt_task.o)
    0x08003a44   0x08003a44   0x00000012   Code   RO          251    i.svcDelay          RTX_CM3.lib(rt_cmsis.o)
    0x08003a56   0x08003a56   0x00000002   PAD
    0x08003a58   0x08003a58   0x00000070   Code   RO          252    i.svcKernelInitialize  RTX_CM3.lib(rt_cmsis.o)
    0x08003ac8   0x08003ac8   0x00000048   Code   RO          254    i.svcKernelStart    RTX_CM3.lib(rt_cmsis.o)
    0x08003b10   0x08003b10   0x00000024   Code   RO          257    i.svcMessageCreate  RTX_CM3.lib(rt_cmsis.o)
    0x08003b34   0x08003b34   0x0000003a   Code   RO          258    i.svcMessageGet     RTX_CM3.lib(rt_cmsis.o)
    0x08003b6e   0x08003b6e   0x0000001c   Code   RO          260    i.svcMutexCreate    RTX_CM3.lib(rt_cmsis.o)
    0x08003b8a   0x08003b8a   0x00000022   Code   RO          262    i.svcMutexRelease   RTX_CM3.lib(rt_cmsis.o)
    0x08003bac   0x08003bac   0x0000003a   Code   RO          263    i.svcMutexWait      RTX_CM3.lib(rt_cmsis.o)
    0x08003be6   0x08003be6   0x00000024   Code   RO          269    i.svcSignalClear    RTX_CM3.lib(rt_cmsis.o)
    0x08003c0a   0x08003c0a   0x00000024   Code   RO          270    i.svcSignalSet      RTX_CM3.lib(rt_cmsis.o)
    0x08003c2e   0x08003c2e   0x00000002   PAD
    0x08003c30   0x08003c30   0x00000054   Code   RO          271    i.svcSignalWait     RTX_CM3.lib(rt_cmsis.o)
    0x08003c84   0x08003c84   0x0000006c   Code   RO          272    i.svcThreadCreate   RTX_CM3.lib(rt_cmsis.o)
    0x08003cf0   0x08003cf0   0x0000001c   Code   RO          273    i.svcThreadGetId    RTX_CM3.lib(rt_cmsis.o)
    0x08003d0c   0x08003d0c   0x00000038   Code   RO          276    i.svcThreadTerminate  RTX_CM3.lib(rt_cmsis.o)
    0x08003d44   0x08003d44   0x00000018   Code   RO          278    i.svcTimerCall      RTX_CM3.lib(rt_cmsis.o)
    0x08003d5c   0x08003d5c   0x0000005c   Code   RO          287    i.sysTimerTick      RTX_CM3.lib(rt_cmsis.o)
    0x08003db8   0x08003db8   0x00000048   Data   RO           32    .rodata..L__const._Func_05_SW_Read.switches  main.o
    0x08003e00   0x08003e00   0x00000038   Data   RO           33    .rodata..L__const._Func_06_SW_Read.switches  main.o
    0x08003e38   0x08003e38   0x00000012   Data   RO           30    .rodata..L__const._LEDs_Mode_04.leds_mask  main.o
    0x08003e4a   0x08003e4a   0x0000005a   Data   RO           31    .rodata..L__const._LEDs_Mode_04.notas  main.o
    0x08003ea4   0x08003ea4   0x00000008   Data   RO           46    .rodata.A           lcd.o
    0x08003eac   0x08003eac   0x00000010   Data   RO          186    .rodata.AHBPrescTable  system_stm32f10x.o
    0x08003ebc   0x08003ebc   0x00000008   Data   RO           47    .rodata.B           lcd.o
    0x08003ec4   0x08003ec4   0x00000008   Data   RO           48    .rodata.C           lcd.o
    0x08003ecc   0x08003ecc   0x00000004   Data   RO          133    .rodata.CMSIS_RTOS_API_Version  rtx_conf_cm.o
    0x08003ed0   0x08003ed0   0x00000004   Data   RO          134    .rodata.CMSIS_RTOS_RTX_Version  rtx_conf_cm.o
    0x08003ed4   0x08003ed4   0x00000008   Data   RO           49    .rodata.D           lcd.o
    0x08003edc   0x08003edc   0x00000008   Data   RO           50    .rodata.E           lcd.o
    0x08003ee4   0x08003ee4   0x00000008   Data   RO           51    .rodata.F           lcd.o
    0x08003eec   0x08003eec   0x00000008   Data   RO           52    .rodata.G           lcd.o
    0x08003ef4   0x08003ef4   0x00000008   Data   RO           53    .rodata.J           lcd.o
    0x08003efc   0x08003efc   0x00000008   Data   RO           54    .rodata.K           lcd.o
    0x08003f04   0x08003f04   0x00000008   Data   RO           55    .rodata.L           lcd.o
    0x08003f0c   0x08003f0c   0x00000008   Data   RO           56    .rodata.P           lcd.o
    0x08003f14   0x08003f14   0x00000008   Data   RO           57    .rodata.Q           lcd.o
    0x08003f1c   0x08003f1c   0x00000008   Data   RO           58    .rodata.R           lcd.o
    0x08003f24   0x08003f24   0x00000008   Data   RO           59    .rodata.T           lcd.o
    0x08003f2c   0x08003f2c   0x00000008   Data   RO           60    .rodata.U           lcd.o
    0x08003f34   0x08003f34   0x00000008   Data   RO           61    .rodata.V           lcd.o
    0x08003f3c   0x08003f3c   0x00000008   Data   RO           62    .rodata.W           lcd.o
    0x08003f44   0x08003f44   0x00000008   Data   RO           64    .rodata.Y           lcd.o
    0x08003f4c   0x08003f4c   0x00000008   Data   RO           65    .rodata.Z           lcd.o
    0x08003f54   0x08003f54   0x00000008   Data   RO           66    .rodata.a           lcd.o
    0x08003f5c   0x08003f5c   0x00000008   Data   RO           67    .rodata.c           lcd.o
    0x08003f64   0x08003f64   0x00000008   Data   RO           97    .rodata.cinco       lcd.o
    0x08003f6c   0x08003f6c   0x00000008   Data   RO           68    .rodata.d           lcd.o
    0x08003f74   0x08003f74   0x00000008   Data   RO           94    .rodata.dois        lcd.o
    0x08003f7c   0x08003f7c   0x00000008   Data   RO           69    .rodata.e           lcd.o
    0x08003f84   0x08003f84   0x00000008   Data   RO           86    .rodata.ecomercial  lcd.o
    0x08003f8c   0x08003f8c   0x00000008   Data   RO           85    .rodata.exclamacao  lcd.o
    0x08003f94   0x08003f94   0x00000008   Data   RO           70    .rodata.f           lcd.o
    0x08003f9c   0x08003f9c   0x00000008   Data   RO           71    .rodata.g           lcd.o
    0x08003fa4   0x08003fa4   0x00000008   Data   RO           72    .rodata.h           lcd.o
    0x08003fac   0x08003fac   0x00000008   Data   RO           90    .rodata.interrogacao  lcd.o
    0x08003fb4   0x08003fb4   0x00000008   Data   RO           74    .rodata.j           lcd.o
    0x08003fbc   0x08003fbc   0x00000008   Data   RO           75    .rodata.k           lcd.o
    0x08003fc4   0x08003fc4   0x00000004   Data   RO          138    .rodata.mp_stk_size  rtx_conf_cm.o
    0x08003fc8   0x08003fc8   0x00000002   Data   RO          137    .rodata.mp_tcb_size  rtx_conf_cm.o
    0x08003fca   0x08003fca   0x00000002   Data   RO          146    .rodata.mp_tmr_size  rtx_conf_cm.o
    0x08003fcc   0x08003fcc   0x00000008   Data   RO           76    .rodata.n           lcd.o
    0x08003fd4   0x08003fd4   0x00000004   Data   RO          135    .rodata.os_clockrate  rtx_conf_cm.o
    0x08003fd8   0x08003fd8   0x00000001   Data   RO          140    .rodata.os_fifo_size  rtx_conf_cm.o
    0x08003fd9   0x08003fd9   0x00000001   Data   RO          132    .rodata.os_flags    rtx_conf_cm.o
    0x08003fda   0x08003fda   0x00000002   Data   RO          125    .rodata.os_maxtaskrun  rtx_conf_cm.o
    0x08003fdc   0x08003fdc   0x00000008   Data   RO          143    .rodata.os_messageQ_def_osTimerMessageQ  rtx_conf_cm.o
    0x08003fe4   0x08003fe4   0x00000004   Data   RO            7    .rodata.os_mutex_def_lcd_mutex_def  main.o
    0x08003fe8   0x08003fe8   0x00000004   Data   RO            9    .rodata.os_mutex_def_sw_mutex_def  main.o
    0x08003fec   0x08003fec   0x00000004   Data   RO          127    .rodata.os_rrobin   rtx_conf_cm.o
    0x08003ff0   0x08003ff0   0x00000004   Data   RO          139    .rodata.os_stack_sz  rtx_conf_cm.o
    0x08003ff4   0x08003ff4   0x00000004   Data   RO          126    .rodata.os_stackinfo  rtx_conf_cm.o
    0x08003ff8   0x08003ff8   0x00000010   Data   RO           17    .rodata.os_thread_def_LCD_Load  main.o
    0x08004008   0x08004008   0x00000010   Data   RO           16    .rodata.os_thread_def_PotLedVelCtrl  main.o
    0x08004018   0x08004018   0x00000010   Data   RO           14    .rodata.os_thread_def__Func_05_SW_Read  main.o
    0x08004028   0x08004028   0x00000010   Data   RO           15    .rodata.os_thread_def__Func_06_SW_Read  main.o
    0x08004038   0x08004038   0x00000010   Data   RO           10    .rodata.os_thread_def__LEDs_Mode_01  main.o
    0x08004048   0x08004048   0x00000010   Data   RO           11    .rodata.os_thread_def__LEDs_Mode_02  main.o
    0x08004058   0x08004058   0x00000010   Data   RO           12    .rodata.os_thread_def__LEDs_Mode_03  main.o
    0x08004068   0x08004068   0x00000010   Data   RO           13    .rodata.os_thread_def__LEDs_Mode_04  main.o
    0x08004078   0x08004078   0x00000010   Data   RO          150    .rodata.os_thread_def_main  rtx_conf_cm.o
    0x08004088   0x08004088   0x00000010   Data   RO          141    .rodata.os_thread_def_osTimerThread  rtx_conf_cm.o
    0x08004098   0x08004098   0x00000004   Data   RO          136    .rodata.os_timernum  rtx_conf_cm.o
    0x0800409c   0x0800409c   0x00000004   Data   RO          131    .rodata.os_trv      rtx_conf_cm.o
    0x080040a0   0x080040a0   0x00000008   Data   RO           77    .rodata.p           lcd.o
    0x080040a8   0x080040a8   0x00000008   Data   RO           88    .rodata.ponto       lcd.o
    0x080040b0   0x080040b0   0x00000008   Data   RO           89    .rodata.pontoevirgula  lcd.o
    0x080040b8   0x080040b8   0x00000008   Data   RO           91    .rodata.potencia    lcd.o
    0x080040c0   0x080040c0   0x00000008   Data   RO           73    .rodata.pseudoi     lcd.o
    0x080040c8   0x080040c8   0x00000008   Data   RO           96    .rodata.quatro      lcd.o
    0x080040d0   0x080040d0   0x00000008   Data   RO           78    .rodata.r           lcd.o
    0x080040d8   0x080040d8   0x00000008   Data   RO           79    .rodata.s           lcd.o
    0x080040e0   0x080040e0   0x00000008   Data   RO           98    .rodata.sete        lcd.o
    0x080040e8   0x080040e8   0x00000046   Data   RO           18    .rodata.str1.1      main.o
    0x0800412e   0x0800412e   0x00000011   Data   RO          103    .rodata.str1.1      lcd.o
    0x0800413f   0x0800413f   0x00000008   Data   RO           80    .rodata.t           lcd.o
    0x08004147   0x08004147   0x00000008   Data   RO           95    .rodata.tres        lcd.o
    0x0800414f   0x0800414f   0x00000008   Data   RO           81    .rodata.u           lcd.o
    0x08004157   0x08004157   0x00000008   Data   RO           93    .rodata.um          lcd.o
    0x0800415f   0x0800415f   0x00000008   Data   RO           92    .rodata.under       lcd.o
    0x08004167   0x08004167   0x00000008   Data   RO           82    .rodata.v           lcd.o
    0x0800416f   0x0800416f   0x00000008   Data   RO           87    .rodata.virgula     lcd.o
    0x08004177   0x08004177   0x00000008   Data   RO           83    .rodata.y           lcd.o
    0x0800417f   0x0800417f   0x00000008   Data   RO           84    .rodata.z           lcd.o
    0x08004187   0x08004187   0x00000001   PAD
    0x08004188   0x08004188   0x00000020   Data   RO         1690    Region$$Table       anon$$obj.o


    Execution Region RW_IRAM1 (Exec base: 0x20000000, Load base: 0x080041a8, Size: 0x000018c0, Max: 0x00005000, ABSOLUTE)

    Exec Addr    Load Addr    Size         Type   Attr      Idx    E Section Name        Object

    0x20000000   0x080041a8   0x00000004   Data   RW           35    .ARM.use_no_argv    main.o
    0x20000004   0x080041ac   0x00000008   Data   RW          290    .data               RTX_CM3.lib(rt_cmsis.o)
    0x2000000c   0x080041b4   0x00000008   Data   RW          831    .data               RTX_CM3.lib(rt_task.o)
    0x20000014   0x080041bc   0x00000008   Data   RW          950    .data               RTX_CM3.lib(rt_system.o)
    0x2000001c   0x080041c4   0x00000004   Data   RW         1240    .data               RTX_CM3.lib(rt_time.o)
    0x20000020   0x080041c8   0x00000008   Data   RW         1271    .data               RTX_CM3.lib(rt_robin.o)
    0x20000028   0x080041d0   0x00000001   Data   RW         1350    .data               RTX_CM3.lib(hal_cm.o)
    0x20000029   0x080041d1   0x00000003   PAD
    0x2000002c   0x080041d4   0x00000004   Data   RW          185    .data.SystemCoreClock  system_stm32f10x.o
    0x20000030   0x080041d8   0x00000004   Data   RW            3    .data._LedsTime_default  main.o
    0x20000034   0x080041dc   0x00000004   PAD
    0x20000038        -       0x00000034   Zero   RW          830    .bss                RTX_CM3.lib(rt_task.o)
    0x2000006c        -       0x00000030   Zero   RW         1080    .bss                RTX_CM3.lib(rt_list.o)
    0x2000009c        -       0x00000060   Zero   RW         1408    .bss                c_w.l(libspace.o)
    0x200000fc        -       0x00000004   Zero   RW           26    .bss.LCD_Load_ID    main.o
    0x20000100        -       0x00000004   Zero   RW           25    .bss.PotLedVelCtrl_ID  main.o
    0x20000104        -       0x00000004   Zero   RW           23    .bss._Func_05_SW_Read_ID  main.o
    0x20000108        -       0x00000004   Zero   RW           24    .bss._Func_06_SW_Read_ID  main.o
    0x2000010c        -       0x00000004   Zero   RW           19    .bss._LEDs_Mode_01_ID  main.o
    0x20000110        -       0x00000004   Zero   RW           20    .bss._LEDs_Mode_02_ID  main.o
    0x20000114        -       0x00000004   Zero   RW           21    .bss._LEDs_Mode_03_ID  main.o
    0x20000118        -       0x00000004   Zero   RW           22    .bss._LEDs_Mode_04_ID  main.o
    0x2000011c        -       0x00000004   Zero   RW           29    .bss._LedsTime      main.o
    0x20000120        -       0x00000004   Zero   RW          102    .bss.cnt            lcd.o
    0x20000124        -       0x00000001   Zero   RW          101    .bss.constCommand   lcd.o
    0x20000125   0x080041dc   0x00000003   PAD
    0x20000128        -       0x00000004   Zero   RW           45    .bss.head           lcd.o
    0x2000012c        -       0x00000001   Zero   RW           99    .bss.index          lcd.o
    0x2000012d   0x080041dc   0x00000003   PAD
    0x20000130        -       0x00000004   Zero   RW           27    .bss.lcd_mutex      main.o
    0x20000134        -       0x00000004   Zero   RW          145    .bss.m_tmr          rtx_conf_cm.o
    0x20000138        -       0x00000001   Zero   RW            4    .bss.mode           main.o
    0x20000139   0x080041dc   0x00000007   PAD
    0x20000140        -       0x000007e0   Zero   RW          152    .bss.mp_stk         rtx_conf_cm.o
    0x20000920        -       0x00000248   Zero   RW          151    .bss.mp_tcb         rtx_conf_cm.o
    0x20000b68        -       0x00000001   Zero   RW            5    .bss.nots           main.o
    0x20000b69   0x080041dc   0x00000003   PAD
    0x20000b6c        -       0x00000004   Zero   RW          148    .bss.nr_mutex       rtx_conf_cm.o
    0x20000b70        -       0x00000004   Zero   RW          157    .bss.osMessageQId_osTimerMessageQ  rtx_conf_cm.o
    0x20000b74        -       0x00000004   Zero   RW          156    .bss.osThreadId_osTimerThread  rtx_conf_cm.o
    0x20000b78        -       0x0000002c   Zero   RW          155    .bss.os_active_TCB  rtx_conf_cm.o
    0x20000ba4        -       0x00000084   Zero   RW          154    .bss.os_fifo        rtx_conf_cm.o
    0x20000c28        -       0x00000020   Zero   RW          142    .bss.os_messageQ_q_osTimerMessageQ  rtx_conf_cm.o
    0x20000c48        -       0x00000010   Zero   RW            6    .bss.os_mutex_cb_lcd_mutex_def  main.o
    0x20000c58        -       0x00000010   Zero   RW            8    .bss.os_mutex_cb_sw_mutex_def  main.o
    0x20000c68        -       0x000001b0   Zero   RW          153    .bss.os_stack_mem   rtx_conf_cm.o
    0x20000e18        -       0x00000001   Zero   RW          100    .bss.position       lcd.o
    0x20000e19   0x080041dc   0x00000003   PAD
    0x20000e1c        -       0x00000080   Zero   RW          149    .bss.std_libmutex   rtx_conf_cm.o
    0x20000e9c        -       0x00000420   Zero   RW          147    .bss.std_libspace   rtx_conf_cm.o
    0x200012bc        -       0x00000004   Zero   RW           28    .bss.sw_mutex       main.o
    0x200012c0        -       0x00000200   Zero   RW          175    HEAP                startup_stm32f10x_md.o
    0x200014c0        -       0x00000400   Zero   RW          174    STACK               startup_stm32f10x_md.o


==============================================================================

Image component sizes


      Code (inc. data)   RO Data    RW Data    ZI Data      Debug   Object Name

       126          0          0          0          0       1563   datastructlist.o
      4024        276        433          0         11      12259   lcd.o
      3752        190        442          8         78      11483   main.o
       270          0         84          0       4440       5318   rtx_conf_cm.o
        64         26        236          0       1536        828   startup_stm32f10x_md.o
       362          0         16          4          0       2756   system_stm32f10x.o

    ----------------------------------------------------------------------
      8608        492       1244         12       6088      34207   Object Totals
         0          0         32          0          0          0   (incl. Generated)
        10          0          1          0         23          0   (incl. Padding)

    ----------------------------------------------------------------------

      Code (inc. data)   RO Data    RW Data    ZI Data      Debug   Library Member Name

       238         24          0          1          0       3244   hal_cm.o
       304         36          0          0          0        756   hal_cm3.o
      1674        190          0          8          0      44375   rt_cmsis.o
       300         24          0          0          0       3131   rt_event.o
       530         34          0          0         48       8157   rt_list.o
       554         10          0          0          0       3889   rt_mailbox.o
       140          0          0          0          0       1889   rt_membox.o
       128          0          0          0          0       2267   rt_memory.o
       352         14          0          0          0       2073   rt_mutex.o
        96         22          0          8          0       1134   rt_robin.o
        52          4          0          0          0        565   rt_semaphore.o
       298         52          0          8          0       6139   rt_system.o
      1216        174          0          8         52       9537   rt_task.o
         6          0          0          4          0        636   rt_time.o
         4          4          0          0          0        196   svc_table.o
         8          0          0          0          0         68   __main.o
         0          0          0          0          0          0   __rtentry.o
        20          0          0          0          0          0   __rtentry2.o
         6          0          0          0          0          0   __rtentry4.o
        94          8          0          0          0          0   __scatter.o
        26          0          0          0          0          0   __scatter_copy.o
        28          0          0          0          0          0   __scatter_zi.o
        10          0          0          0          0         68   defsig_exit.o
        50          0          0          0          0         88   defsig_general.o
        80         58          0          0          0         76   defsig_rtmem_inner.o
        14          0          0          0          0         80   defsig_rtmem_outer.o
        18          0          0          0          0         80   exit.o
       166          0          0          0          0        144   h1_alloc_threads.o
        82          0          0          0          0        104   h1_extend_threads.o
       118          0          0          0          0        108   h1_free_threads.o
        18          0          0          0          0         84   h1_init_threads.o
         6          0          0          0          0        152   heapauxi.o
         4          0          0          0          0        136   hguard.o
         0          0          0          0          0          0   indicate_semi.o
       138          0          0          0          0        168   init_alloc.o
         2          0          0          0          0          0   libinit.o
        10          0          0          0          0          0   libinit2.o
         2          0          0          0          0          0   libshutdown.o
         2          0          0          0          0          0   libshutdown2.o
         8          4          0          0         96         68   libspace.o
         0          0          0          0          0          0   maybetermalloc1.o
        10          0          0          0          0         76   rt_heap_descriptor_twolibspace.o
         2          0          0          0          0          0   rtexit.o
        10          0          0          0          0          0   rtexit2.o
        12          4          0          0          0         68   sys_exit.o
        74          0          0          0          0         80   sys_stackheap_outer.o
        14          0          0          0          0         76   sys_wrch.o
         2          0          0          0          0         68   use_no_semi.o

    ----------------------------------------------------------------------
      6956        662          0         40        196      89780   Library Totals
        30          0          0          3          0          0   (incl. Padding)

    ----------------------------------------------------------------------

      Code (inc. data)   RO Data    RW Data    ZI Data      Debug   Library Name

      5892        588          0         37        100      87988   RTX_CM3.lib
      1034         74          0          0         96       1792   c_w.l

    ----------------------------------------------------------------------
      6956        662          0         40        196      89780   Library Totals

    ----------------------------------------------------------------------

==============================================================================


      Code (inc. data)   RO Data    RW Data    ZI Data      Debug   

     15564       1154       1244         52       6284     118459   Grand Totals
     15564       1154       1244         52       6284     118459   ELF Image Totals
     15564       1154       1244         52          0          0   ROM Totals

==============================================================================

    Total RO  Size (Code + RO Data)                16808 (  16.41kB)
    Total RW  Size (RW Data + ZI Data)              6336 (   6.19kB)
    Total ROM Size (Code + RO Data + RW Data)      16860 (  16.46kB)

==============================================================================

